 demo_20210521_sfun

 Timestamp is 60a728fb (Fri May 21 11:28:59 2021)

 Preferred load address is 0000000180000000

 Start         Length     Name                   Class
 0001:00000000 00040294H .text                   CODE
 0001:000402a0 00000092H .text$x                 CODE
 0002:00000000 00000490H .idata$5                DATA
 0002:00000490 00000008H .CRT$XCA                DATA
 0002:00000498 00000008H .CRT$XCZ                DATA
 0002:000004a0 00000008H .CRT$XIA                DATA
 0002:000004a8 00000008H .CRT$XIAA               DATA
 0002:000004b0 00000008H .CRT$XIZ                DATA
 0002:000004c0 00004b1cH .rdata                  DATA
 0002:00004fe0 00000008H .rtc$IAA                DATA
 0002:00004fe8 00000008H .rtc$IZZ                DATA
 0002:00004ff0 00000008H .rtc$TAA                DATA
 0002:00004ff8 00000008H .rtc$TZZ                DATA
 0002:00005000 00003f34H .xdata                  DATA
 0002:00008f34 000000a0H .idata$2                DATA
 0002:00008fd4 00000014H .idata$3                DATA
 0002:00008fe8 00000490H .idata$4                DATA
 0002:00009478 00000a9eH .idata$6                DATA
 0002:00009f20 00000058H .edata                  DATA
 0003:00000000 000087dcH .data                   DATA
 0003:000087e0 00ac2778H .bss                    DATA
 0004:00000000 00003084H .pdata                  DATA

  Address         Publics by Value              Rva+Base               Lib:Object

 0000:00000000       ___safe_se_handler_table   0000000000000000     <absolute>
 0000:00000000       ___safe_se_handler_count   0000000000000000     <absolute>
 0000:00000000       __ImageBase                0000000180000000     <linker-defined>
 0001:00000000       sf_c2_demo_20210521_get_eml_resolved_functions_info 0000000180001000 f   c2_demo_20210521.obj
 0001:000048a0       sf_c2_demo_20210521_get_check_sum 00000001800058a0 f   c2_demo_20210521.obj
 0001:00004920       sf_c2_demo_20210521_get_autoinheritance_info 0000000180005920 f   c2_demo_20210521.obj
 0001:00004e90       sf_internal_get_sim_state_c2_demo_20210521 0000000180005e90 f   c2_demo_20210521.obj
 0001:00005210       sf_internal_set_sim_state_c2_demo_20210521 0000000180006210 f   c2_demo_20210521.obj
 0001:00005690       c2_demo_20210521_method_dispatcher 0000000180006690 f   c2_demo_20210521.obj
 0001:0000e170       sf_process_check_sum_call  000000018000f170 f   demo_20210521_sfun_registry.obj
 0001:0000e1c0       sf_process_autoinheritance_call 000000018000f1c0 f   demo_20210521_sfun_registry.obj
 0001:0000e360       sf_process_get_eml_resolved_functions_info_call 000000018000f360 f   demo_20210521_sfun_registry.obj
 0001:0000e4e0       sf_mex_unlock_call         000000018000f4e0 f   demo_20210521_sfun_registry.obj
 0001:0000e590       sf_machine_global_initializer_called 000000018000f590 f   demo_20210521_sfun_registry.obj
 0001:0000e5c0       sf_machine_global_method_dispatcher 000000018000f5c0 f   demo_20210521_sfun_registry.obj
 0001:0000e620       sf_machine_global_terminator 000000018000f620 f   demo_20210521_sfun_registry.obj
 0001:0000e660       sf_register_machine_exported_symbols 000000018000f660 f   demo_20210521_sfun_registry.obj
 0001:0000e680       callCustomFcn              000000018000f680 f   demo_20210521_sfun_registry.obj
 0001:0000e690       sf_machine_global_initializer 000000018000f690 f   demo_20210521_sfun_registry.obj
 0001:0000e700       _ssSetStateAbsTol          000000018000f700 f   demo_20210521_sfun_registry.obj
 0001:0000e7e0       _ssGetAbsTol               000000018000f7e0 f   demo_20210521_sfun_registry.obj
 0001:0000e850       _ssSetInputPortMatrixDimensions 000000018000f850 f   demo_20210521_sfun_registry.obj
 0001:0000e960       _ssSetOutputPortMatrixDimensions 000000018000f960 f   demo_20210521_sfun_registry.obj
 0001:0000ea70       _ssSetInputPortVectorDimension 000000018000fa70 f   demo_20210521_sfun_registry.obj
 0001:0000eb40       _ssSetOutputPortVectorDimension 000000018000fb40 f   demo_20210521_sfun_registry.obj
 0001:0000ec10       ssIsRunTimeParamTunable    000000018000fc10 f   demo_20210521_sfun_registry.obj
 0001:0000ec80       ssGetSFuncBlockHandle      000000018000fc80 f   demo_20210521_sfun_registry.obj
 0001:0000ecf0       _ssGetCurrentInputPortWidth 000000018000fcf0 f   demo_20210521_sfun_registry.obj
 0001:0000ee10       _ssGetCurrentOutputPortWidth 000000018000fe10 f   demo_20210521_sfun_registry.obj
 0001:0000ef30       _ssGetCallSystemNumFcnCallDestinations 000000018000ff30 f   demo_20210521_sfun_registry.obj
 0001:0000efa0       ssWarning                  000000018000ffa0 f   demo_20210521_sfun_registry.obj
 0001:0000f0b0       ssGetIsZeroCrossControlDisabled 00000001800100b0 f   demo_20210521_sfun_registry.obj
 0001:0000f120       ssSetIsInputPortUsedForContZcSignal 0000000180010120 f   demo_20210521_sfun_registry.obj
 0001:0000f190       ssSetZcSignalIsZcElementDisc 0000000180010190 f   demo_20210521_sfun_registry.obj
 0001:0000f240       ssSetZcSignalName          0000000180010240 f   demo_20210521_sfun_registry.obj
 0001:0000f2b0       ssSetZcSignalWidth         00000001800102b0 f   demo_20210521_sfun_registry.obj
 0001:0000f320       ssSetZcSignalZcEventType   0000000180010320 f   demo_20210521_sfun_registry.obj
 0001:0000f390       ssSetZcSignalType          0000000180010390 f   demo_20210521_sfun_registry.obj
 0001:0000f400       ssSetZcSignalZcTol         0000000180010400 f   demo_20210521_sfun_registry.obj
 0001:0000f470       ssSetZcSignalNeedsEventNotification 0000000180010470 f   demo_20210521_sfun_registry.obj
 0001:0000f4e0       ssCreateAndAddZcSignalInfo 00000001800104e0 f   demo_20210521_sfun_registry.obj
 0001:0000f550       ssCloneAndAddZcSignalInfo  0000000180010550 f   demo_20210521_sfun_registry.obj
 0001:0000f5c0       ssGetNumZcSignals          00000001800105c0 f   demo_20210521_sfun_registry.obj
 0001:0000f630       ssGetZcSignalVector        0000000180010630 f   demo_20210521_sfun_registry.obj
 0001:0000f6a0       ssGetZcSignalZcEvents      00000001800106a0 f   demo_20210521_sfun_registry.obj
 0001:0000f710       ssGetZcSignalName          0000000180010710 f   demo_20210521_sfun_registry.obj
 0001:0000f780       ssGetZcSignalWidth         0000000180010780 f   demo_20210521_sfun_registry.obj
 0001:0000f7f0       ssGetZcSignalZcEventType   00000001800107f0 f   demo_20210521_sfun_registry.obj
 0001:0000f860       ssGetZcSignalType          0000000180010860 f   demo_20210521_sfun_registry.obj
 0001:0000f8d0       ssGetZcSignalZcTol         00000001800108d0 f   demo_20210521_sfun_registry.obj
 0001:0000f950       ssGetZcSignalNeedsEventNotification 0000000180010950 f   demo_20210521_sfun_registry.obj
 0001:0000f9c0       ssGetZcSignalIsZcElementDisc 00000001800109c0 f   demo_20210521_sfun_registry.obj
 0001:0000fa60       ssGetIsInputPortElementContinuous 0000000180010a60 f   demo_20210521_sfun_registry.obj
 0001:0000fb00       _ssGetInputPortSignalPtrsFcn 0000000180010b00 f   demo_20210521_sfun_registry.obj
 0001:0000fdc0       _ssGetInputPortSignalFcn   0000000180010dc0 f   demo_20210521_sfun_registry.obj
 0001:0000ffe0       _ssSetInputPortDirectFeedThroughFcn 0000000180010fe0 f   demo_20210521_sfun_registry.obj
 0001:00010140       _ssSetInputPortReusableFcn 0000000180011140 f   demo_20210521_sfun_registry.obj
 0001:00010230       _ssSetOutputPortReusableFcn 0000000180011230 f   demo_20210521_sfun_registry.obj
 0001:00010310       ssGetDTypeIdFromMxArray    0000000180011310 f   demo_20210521_sfun_registry.obj
 0001:00010430       ssWriteRTWStr              0000000180011430 f   demo_20210521_sfun_registry.obj
 0001:00010490       ssWriteRTWMxVectParam      0000000180011490 f   demo_20210521_sfun_registry.obj
 0001:000104f0       ssWriteRTWMx2dMatParam     00000001800114f0 f   demo_20210521_sfun_registry.obj
 0001:00010570       ssWriteRTWNameValuePair    0000000180011570 f   demo_20210521_sfun_registry.obj
 0001:00010a60       ssWriteRTWParameters       0000000180011a60 f   demo_20210521_sfun_registry.obj
 0001:00011060       ssWriteRTWParamSettings    0000000180012060 f   demo_20210521_sfun_registry.obj
 0001:00011730       ssWriteRTWWorkVect         0000000180012730 f   demo_20210521_sfun_registry.obj
 0001:00011c30       mexFunction                0000000180012c30 f   demo_20210521_sfun_registry.obj
 0001:00013870       ProcessMexSfunctionEveryCall 0000000180014870 f   demo_20210521_sfun_registry.obj
 0001:000139e0       demo_20210521_initializer  00000001800149e0 f   demo_20210521_sfun.obj
 0001:000139f0       demo_20210521_terminator   00000001800149f0 f   demo_20210521_sfun.obj
 0001:00013a00       sf_demo_20210521_method_dispatcher 0000000180014a00 f   demo_20210521_sfun.obj
 0001:00013a50       sf_demo_20210521_process_check_sum_call 0000000180014a50 f   demo_20210521_sfun.obj
 0001:00013e60       sf_demo_20210521_autoinheritance_info 0000000180014e60 f   demo_20210521_sfun.obj
 0001:00013fd0       sf_demo_20210521_get_eml_resolved_functions_info 0000000180014fd0 f   demo_20210521_sfun.obj
 0001:00014100       demo_20210521_debug_initialize 0000000180015100 f   demo_20210521_sfun.obj
 0001:00014170       demo_20210521_register_exported_symbols 0000000180015170 f   demo_20210521_sfun.obj
 0001:00014180       load_demo_20210521_optimization_info 0000000180015180 f   demo_20210521_sfun.obj
 0001:000141d0       unload_demo_20210521_optimization_info 00000001800151d0 f   demo_20210521_sfun.obj
 0001:000142a0       sf_mex_mx_is_numeric       00000001800152a0 f   sfc_mex:sfc_mex.obj
 0001:000142e0       strcmp_ignore_ws           00000001800152e0 f   sfc_mex:sfc_mex.obj
 0001:00014420       sf_mex_duplicatearraysafe  0000000180015420 f   sfc_mex:sfc_mex.obj
 0001:00014580       sf_set_error_debugger_context_message_fcn 0000000180015580 f   sfc_mex:sfc_mex.obj
 0001:00014590       sf_set_debugger_matlab_error_fcn 0000000180015590 f   sfc_mex:sfc_mex.obj
 0001:000145c0       sf_set_error_prefix_string 00000001800155c0 f   sfc_mex:sfc_mex.obj
 0001:000145f0       sf_get_error_prefix_string 00000001800155f0 f   sfc_mex:sfc_mex.obj
 0001:00014600       sf_mex_enter_parallel_region 0000000180015600 f   sfc_mex:sfc_mex.obj
 0001:00014610       sf_mex_exit_parallel_region 0000000180015610 f   sfc_mex:sfc_mex.obj
 0001:00014620       sf_get_current_jmp_buf_ptr 0000000180015620 f   sfc_mex:sfc_mex.obj
 0001:00014630       sf_set_current_jmp_buf_ptr 0000000180015630 f   sfc_mex:sfc_mex.obj
 0001:00014640       sf_mex_set_halt_simulation 0000000180015640 f   sfc_mex:sfc_mex.obj
 0001:00014650       sf_mex_get_halt_simulation 0000000180015650 f   sfc_mex:sfc_mex.obj
 0001:00014660       sf_mex_clear_error_message 0000000180015660 f   sfc_mex:sfc_mex.obj
 0001:00014680       sf_mex_get_error_message_for_read 0000000180015680 f   sfc_mex:sfc_mex.obj
 0001:00014690       sf_mex_get_error_message_buffer_length 0000000180015690 f   sfc_mex:sfc_mex.obj
 0001:00014770       sf_mex_warning_message     0000000180015770 f   sfc_mex:sfc_mex.obj
 0001:000147e0       sf_mex_v_errbuf_createf    00000001800157e0 f   sfc_mex:sfc_mex.obj
 0001:000147f0       sf_mex_errbuf_createf      00000001800157f0 f   sfc_mex:sfc_mex.obj
 0001:00014820       sf_mex_v_errbuf_catf       0000000180015820 f   sfc_mex:sfc_mex.obj
 0001:00014860       sf_mex_errbuf_catf         0000000180015860 f   sfc_mex:sfc_mex.obj
 0001:000148b0       sf_mex_errbuf_copy         00000001800158b0 f   sfc_mex:sfc_mex.obj
 0001:000148c0       sf_mex_errbuf_clear        00000001800158c0 f   sfc_mex:sfc_mex.obj
 0001:000148d0       sf_mex_errbuf_isempty      00000001800158d0 f   sfc_mex:sfc_mex.obj
 0001:000149e0       sf_mex_set_error_status    00000001800159e0 f   sfc_mex:sfc_mex.obj
 0001:00014a30       sf_mex_error_direct_call   0000000180015a30 f   sfc_mex:sfc_mex.obj
 0001:00014a50       sf_mex_error_message_no_long_jump 0000000180015a50 f   sfc_mex:sfc_mex.obj
 0001:00014a70       sf_mex_long_jump_on_error  0000000180015a70 f   sfc_mex:sfc_mex.obj
 0001:00014aa0       sf_mex_call_matlab         0000000180015aa0 f   sfc_mex:sfc_mex.obj
 0001:00014bc0       sf_mex_check_builtin       0000000180015bc0 f   sfc_mex:sfc_mex.obj
 0001:00014c00       sf_mex_check_builtin_vs    0000000180015c00 f   sfc_mex:sfc_mex.obj
 0001:00014c60       sf_mex_check_enum          0000000180015c60 f   sfc_mex:sfc_mex.obj
 0001:00014c90       sf_mex_create_enum         0000000180015c90 f   sfc_mex:sfc_mex.obj
 0001:00014cb0       sf_mex_get_enum_element    0000000180015cb0 f   sfc_mex:sfc_mex.obj
 0001:00014cc0       sf_mex_createcellarray     0000000180015cc0 f   sfc_mex:sfc_mex.obj
 0001:00014cd0       sf_mex_setcell             0000000180015cd0 f   sfc_mex:sfc_mex.obj
 0001:00014ce0       sf_mex_getcell             0000000180015ce0 f   sfc_mex:sfc_mex.obj
 0001:00014cf0       sf_mex_dup                 0000000180015cf0 f   sfc_mex:sfc_mex.obj
 0001:00014d10       sf_mex_assign              0000000180015d10 f   sfc_mex:sfc_mex.obj
 0001:00014d90       sf_mex_destroy             0000000180015d90 f   sfc_mex:sfc_mex.obj
 0001:00014dc0       mx_array_has_fi_type       0000000180015dc0 f   sfc_mex:sfc_mex.obj
 0001:00014df0       sf_mex_convert_from_fi     0000000180015df0 f   sfc_mex:sfc_mex.obj
 0001:00014ea0       sf_mex_convert_to_double   0000000180015ea0 f   sfc_mex:sfc_mex.obj
 0001:00014fc0       sf_mex_import_fi_vs        0000000180015fc0 f   sfc_mex:sfc_mex.obj
 0001:00015180       sf_matrix_matrix_index_ok  0000000180016180 f   sfc_mex:sfc_mex.obj
 0001:00015210       sf_vector_vector_index_ok  0000000180016210 f   sfc_mex:sfc_mex.obj
 0001:00015240       ssGetCurrentInputPortDimensions_wrapper 0000000180016240 f   sfc_mex:sfc_mex.obj
 0001:00015260       ssGetCurrentOutputPortDimensions_wrapper 0000000180016260 f   sfc_mex:sfc_mex.obj
 0001:00015280       sf_mex_emlrt_context_is_debug_mode 0000000180016280 f   sfc_mex:sfc_mex.obj
 0001:00015290       sf_mex_emlrt_context_set_debug_mode 0000000180016290 f   sfc_mex:sfc_mex.obj
 0001:000152a0       sf_mex_emlrtNameCapturePostProcessR2012a 00000001800162a0 f   sfc_mex:sfc_mex.obj
 0001:00015310       sf_clear_error_manager_info 0000000180016310 f   sfc_mex:sfc_mex.obj
 0001:00015370       sf_mex_stop_simulation_abruptly_wo_error 0000000180016370 f   sfc_mex:sfc_mex.obj
 0001:000153b0       sf_mex_error_message       00000001800163b0 f   sfc_mex:sfc_mex.obj
 0001:00015410       sf_react_to_error_in_matlab_call 0000000180016410 f   sfc_mex:sfc_mex.obj
 0001:00015440       sf_mex_addfield            0000000180016440 f   sfc_mex:sfc_mex.obj
 0001:000154e0       sf_mex_getfield            00000001800164e0 f   sfc_mex:sfc_mex.obj
 0001:000157e0       sf_mex_check_class         00000001800167e0 f   sfc_mex:sfc_mex.obj
 0001:00015880       sf_mex_is_real             0000000180016880 f   sfc_mex:sfc_mex.obj
 0001:00015cf0       sf_mex_decode_encoded_mx_struct_array 0000000180016cf0 f   sfc_mex:sfc_mex.obj
 0001:00015fd0       sf_mex_lw_bounds_check     0000000180016fd0 f   sfc_mex:sfc_mex.obj
 0001:00016000       sf_mex_lw_size_eq_check_1d 0000000180017000 f   sfc_mex:sfc_mex.obj
 0001:00016020       sf_mex_lw_size_eq_check_nd 0000000180017020 f   sfc_mex:sfc_mex.obj
 0001:00016200       sf_mex_lw_dim_size_eq_check 0000000180017200 f   sfc_mex:sfc_mex.obj
 0001:00016230       sf_mex_lw_dim_size_geq_check 0000000180017230 f   sfc_mex:sfc_mex.obj
 0001:00016260       sf_mex_lw_sub_assign_size_check_nd 0000000180017260 f   sfc_mex:sfc_mex.obj
 0001:00016490       sf_mex_lw_runtime_error_msgid 0000000180017490 f   sfc_mex:sfc_mex.obj
 0001:00016580       sf_mex_lw_matrix_matrix_index_check 0000000180017580 f   sfc_mex:sfc_mex.obj
 0001:000165a0       sf_mex_lw_vector_vector_index_check 00000001800175a0 f   sfc_mex:sfc_mex.obj
 0001:000165e0       sf_mex_lw_for_loop_vector_check 00000001800175e0 f   sfc_mex:sfc_mex.obj
 0001:00016660       sf_mex_lw_non_negative_check 0000000180017660 f   sfc_mex:sfc_mex.obj
 0001:000166a0       sf_mex_overflow_error      00000001800176a0 f   sfc_mex:sfc_mex.obj
 0001:000166b0       sf_mex_dividebyzero_error  00000001800176b0 f   sfc_mex:sfc_mex.obj
 0001:000166c0       sf_mex_unsafe_enum_error   00000001800176c0 f   sfc_mex:sfc_mex.obj
 0001:000166d0       sf_emlrtErrHandler         00000001800176d0 f   sfc_mex:sfc_mex.obj
 0001:000167b0       sf_mex_size_one_check      00000001800177b0 f   sfc_mex:sfc_mex.obj
 0001:000167d0       sf_mex_printf              00000001800177d0 f   sfc_mex:sfc_mex.obj
 0001:000169a0       sf_mex_check_size          00000001800179a0 f   sfc_mex:sfc_mex.obj
 0001:00016c70       sf_mex_check_struct        0000000180017c70 f   sfc_mex:sfc_mex.obj
 0001:00016ed0       sf_mex_check_struct_vs     0000000180017ed0 f   sfc_mex:sfc_mex.obj
 0001:00016f60       sf_mex_check_fi            0000000180017f60 f   sfc_mex:sfc_mex.obj
 0001:00017060       sf_mex_check_fi_vs         0000000180018060 f   sfc_mex:sfc_mex.obj
 0001:00017100       sf_echo_expression         0000000180018100 f   sfc_mex:sfc_mex.obj
 0001:00017160       sf_assertion_failed        0000000180018160 f   sfc_mex:sfc_mex.obj
 0001:00017440       sf_mex_evalin              0000000180018440 f   sfc_mex:sfc_mex.obj
 0001:000176b0       sf_mex_export              00000001800186b0 f   sfc_mex:sfc_mex.obj
 0001:00017770       sf_mex_get_ml_var_no_error 0000000180018770 f   sfc_mex:sfc_mex.obj
 0001:00017910       sf_mex_get_ml_var          0000000180018910 f   sfc_mex:sfc_mex.obj
 0001:00017db0       ml_set_element_value_in_array 0000000180018db0 f   sfc_mex:sfc_mex.obj
 0001:00019480       sf_mex_call_impl           000000018001a480 f   sfc_mex:sfc_mex.obj
 0001:000199b0       sf_mex_call_debug          000000018001a9b0 f   sfc_mex:sfc_mex.obj
 0001:000199e0       sf_mex_call                000000018001a9e0 f   sfc_mex:sfc_mex.obj
 0001:0001a030       sf_mex_createstruct        000000018001b030 f   sfc_mex:sfc_mex.obj
 0001:0001a120       sf_mex_createstructarray   000000018001b120 f   sfc_mex:sfc_mex.obj
 0001:0001a1a0       sf_mex_get_mx_datatype_from_sf_datatype 000000018001b1a0 f   sfc_mex:sfc_mex.obj
 0001:0001a4b0       sf_mex_ml_var_sub          000000018001b4b0 f   sfc_mex:sfc_mex.obj
 0001:0001a680       sf_mex_ml_var_subsasgn     000000018001b680 f   sfc_mex:sfc_mex.obj
 0001:0001aa70       sf_mex_sub                 000000018001ba70 f   sfc_mex:sfc_mex.obj
 0001:0001ac70       sf_mex_subsasgn            000000018001bc70 f   sfc_mex:sfc_mex.obj
 0001:0001b150       sf_mex_create              000000018001c150 f   sfc_mex:sfc_mex.obj
 0001:0001bba0       sf_mex_import_named        000000018001cba0 f   sfc_mex:sfc_mex.obj
 0001:0001bc00       sf_mex_import              000000018001cc00 f   sfc_mex:sfc_mex.obj
 0001:0001bc50       sf_mex_import_vs           000000018001cc50 f   sfc_mex:sfc_mex.obj
 0001:0001bd60       sf_mex_lower_fixpt_mx_array 000000018001cd60 f   sfc_mex:sfc_mex.obj
 0001:0001c050       sf_send_message_wrapper    000000018001d050 f   sfc_mex:sfc_sf.obj
 0001:0001c080       sf_receive_message_wrapper 000000018001d080 f   sfc_mex:sfc_sf.obj
 0001:0001c0c0       sf_check_out_message_wrapper 000000018001d0c0 f   sfc_mex:sfc_sf.obj
 0001:0001c100       sf_check_in_message_wrapper 000000018001d100 f   sfc_mex:sfc_sf.obj
 0001:0001c140       sf_no_message_wrapper      000000018001d140 f   sfc_mex:sfc_sf.obj
 0001:0001c4d0       sim_mode_is_rtw_gen        000000018001d4d0 f   sfc_mex:sfc_sf.obj
 0001:0001c500       sim_mode_is_external       000000018001d500 f   sfc_mex:sfc_sf.obj
 0001:0001c510       sim_mode_is_modelref_sim   000000018001d510 f   sfc_mex:sfc_sf.obj
 0001:0001c530       mdlInitializeSizes         000000018001d530 f   sfc_mex:sfc_sf.obj
 0001:0001c550       mdlInitializeSampleTimes   000000018001d550 f   sfc_mex:sfc_sf.obj
 0001:0001c590       mdlZeroCrossings           000000018001d590 f   sfc_mex:sfc_sf.obj
 0001:0001c670       mdlDerivatives             000000018001d670 f   sfc_mex:sfc_sf.obj
 0001:0001c720       mdl_initialize_conditions_processing 000000018001d720 f   sfc_mex:sfc_sf.obj
 0001:0001c750       mdlInitializeConditions    000000018001d750 f   sfc_mex:sfc_sf.obj
 0001:0001c810       mdlGetSimState             000000018001d810 f   sfc_mex:sfc_sf.obj
 0001:0001c820       mdlSetSimState             000000018001d820 f   sfc_mex:sfc_sf.obj
 0001:0001c830       mdl_ext_mode_exec_processing 000000018001d830 f   sfc_mex:sfc_sf.obj
 0001:0001c850       mdlExtModeExec             000000018001d850 f   sfc_mex:sfc_sf.obj
 0001:0001c9e0       mdlTerminate               000000018001d9e0 f   sfc_mex:sfc_sf.obj
 0001:0001ca50       mdlRTW                     000000018001da50 f   sfc_mex:sfc_sf.obj
 0001:0001ca80       mdlSetWorkWidths           000000018001da80 f   sfc_mex:sfc_sf.obj
 0001:0001ca90       mdlProcessParameters       000000018001da90 f   sfc_mex:sfc_sf.obj
 0001:0001caa0       mdl_start_processing       000000018001daa0 f   sfc_mex:sfc_sf.obj
 0001:0001cae0       mdlStart                   000000018001dae0 f   sfc_mex:sfc_sf.obj
 0001:0001cbd0       mdlEnable                  000000018001dbd0 f   sfc_mex:sfc_sf.obj
 0001:0001cca0       mdlDisable                 000000018001dca0 f   sfc_mex:sfc_sf.obj
 0001:0001cd50       sf_get_chart_instance_ptr  000000018001dd50 f   sfc_mex:sfc_sf.obj
 0001:0001cd70       sf_load_rtw_optimization_info 000000018001dd70 f   sfc_mex:sfc_sf.obj
 0001:0001ce40       sf_rtw_info_uint_prop      000000018001de40 f   sfc_mex:sfc_sf.obj
 0001:0001cf80       sf_is_chart_inlinable      000000018001df80 f   sfc_mex:sfc_sf.obj
 0001:0001cfa0       sf_mark_output_events_with_multiple_callers 000000018001dfa0 f   sfc_mex:sfc_sf.obj
 0001:0001d130       sf_mark_chart_reusable_outputs 000000018001e130 f   sfc_mex:sfc_sf.obj
 0001:0001d390       sf_mark_chart_expressionable_inputs 000000018001e390 f   sfc_mex:sfc_sf.obj
 0001:0001d5f0       sf_get_subchart_simstruct  000000018001e5f0 f   sfc_mex:sfc_sf.obj
 0001:0001d640       sf_get_fixpt_data_type_id  000000018001e640 f   sfc_mex:sfc_sf.obj
 0001:0001d680       sf_get_enum_data_type_id   000000018001e680 f   sfc_mex:sfc_sf.obj
 0001:0001d6c0       sf_get_param_data_type_id  000000018001e6c0 f   sfc_mex:sfc_sf.obj
 0001:0001d6f0       sf_mex_listen_for_ctrl_c_force 000000018001e6f0 f   sfc_mex:sfc_sf.obj
 0001:0001d800       sf_mex_draw_now            000000018001e800 f   sfc_mex:sfc_sf.obj
 0001:0001d840       sf_mex_set_debugger_sim_status_listener_fcn 000000018001e840 f   sfc_mex:sfc_sf.obj
 0001:0001d850       sf_mex_listen_for_ctrl_c   000000018001e850 f   sfc_mex:sfc_sf.obj
 0001:0001d8e0       sf_mex_get_sfun_param      000000018001e8e0 f   sfc_mex:sfc_sf.obj
 0001:0001d930       sf_get_runtime_param_data  000000018001e930 f   sfc_mex:sfc_sf.obj
 0001:0001d970       sf_call_output_fcn_call    000000018001e970 f   sfc_mex:sfc_sf.obj
 0001:0001dab0       sf_call_output_fcn_enable  000000018001eab0 f   sfc_mex:sfc_sf.obj
 0001:0001db40       sf_call_output_fcn_disable 000000018001eb40 f   sfc_mex:sfc_sf.obj
 0001:0001dbd0       sf_clear_rtw_identifier    000000018001ebd0 f   sfc_mex:sfc_sf.obj
 0001:0001e3c0       sf_set_encoded_dwork_info  000000018001f3c0 f   sfc_mex:sfc_sf.obj
 0001:0001e410       sf_get_dwork_info_from_mat_file 000000018001f410 f   sfc_mex:sfc_sf.obj
 0001:0001e5d0       sf_set_rtw_dwork_info      000000018001f5d0 f   sfc_mex:sfc_sf.obj
 0001:0001e740       mdlOutputs                 000000018001f740 f   sfc_mex:sfc_sf.obj
 0001:0001e8e0       sf_debug_disp              000000018001f8e0 f   sfc_debug:sfcdebug.obj
 0001:0001eb40       sf_debug_data_runtime_size_mismatch_error_check 000000018001fb40 f   sfc_debug:sfcdebug.obj
 0001:0001ebe0       sf_debug_try_loading_machine 000000018001fbe0 f   sfc_debug:sfcdebug.obj
 0001:0001ece0       sf_debug_reset_current_state_configuration 000000018001fce0 f   sfc_debug:sfcdebug.obj
 0001:0001ed70       sf_debug_store_current_state_configuration 000000018001fd70 f   sfc_debug:sfcdebug.obj
 0001:0001ee00       sf_debug_restore_previous_state_configuration 000000018001fe00 f   sfc_debug:sfcdebug.obj
 0001:0001ee90       sf_debug_restore_previous_state_configuration2 000000018001fe90 f   sfc_debug:sfcdebug.obj
 0001:0001ef20       sf_debug_get_event_scope   000000018001ff20 f   sfc_debug:sfcdebug.obj
 0001:0001f090       use_debugger_step_animation 0000000180020090 f   sfc_debug:sfcdebug.obj
 0001:0001f0b0       sf_debug_get_script_id     00000001800200b0 f   sfc_debug:sfcdebug.obj
 0001:0001f140       sf_debug_set_script_translation 0000000180020140 f   sfc_debug:sfcdebug.obj
 0001:0001f2c0       sf_debug_extract_message_post_receive_info 00000001800202c0 f   sfc_debug:sfcdebug.obj
 0001:0001f3c0       sf_debug_get_current_machine_id 00000001800203c0 f   sfc_debug:sfcdebug.obj
 0001:0001f3e0       sf_debug_get_current_optional_integer 00000001800203e0 f   sfc_debug:sfcdebug.obj
 0001:0001f3f0       sf_debug_get_current_machine_number 00000001800203f0 f   sfc_debug:sfcdebug.obj
 0001:0001f410       sf_debug_get_current_machine_name 0000000180020410 f   sfc_debug:sfcdebug.obj
 0001:0001f430       sf_debug_get_current_chart_id 0000000180020430 f   sfc_debug:sfcdebug.obj
 0001:0001f480       sf_debug_get_current_chart_number 0000000180020480 f   sfc_debug:sfcdebug.obj
 0001:0001f490       sf_debug_get_current_instance_number 0000000180020490 f   sfc_debug:sfcdebug.obj
 0001:0001f4a0       sf_debug_get_current_is_minor_time_step 00000001800204a0 f   sfc_debug:sfcdebug.obj
 0001:0001f520       sf_debug_get_current_object_type 0000000180020520 f   sfc_debug:sfcdebug.obj
 0001:0001f530       sf_debug_get_current_instance_handle 0000000180020530 f   sfc_debug:sfcdebug.obj
 0001:0001f590       sf_debug_get_current_event_type 0000000180020590 f   sfc_debug:sfcdebug.obj
 0001:0001f5a0       sf_debug_get_current_object_id 00000001800205a0 f   sfc_debug:sfcdebug.obj
 0001:0001f5e0       sf_debug_get_current_active_event_type 00000001800205e0 f   sfc_debug:sfcdebug.obj
 0001:0001f5f0       sf_debug_get_current_active_event_id 00000001800205f0 f   sfc_debug:sfcdebug.obj
 0001:0001f630       sf_debug_get_current_tag_type 0000000180020630 f   sfc_debug:sfcdebug.obj
 0001:0001f640       sf_debug_get_current_simulation_time 0000000180020640 f   sfc_debug:sfcdebug.obj
 0001:0001f650       sf_debug_get_current_coverage_percentage 0000000180020650 f   sfc_debug:sfcdebug.obj
 0001:0001f660       sf_debug_current_statement_context 0000000180020660 f   sfc_debug:sfcdebug.obj
 0001:0001f6f0       sf_debug_get_current_statement_info 00000001800206f0 f   sfc_debug:sfcdebug.obj
 0001:0001f870       sf_debug_terminate_instance 0000000180020870 f   sfc_debug:sfcdebug.obj
 0001:0001fbb0       sf_debug_assertion_failed  0000000180020bb0 f   sfc_debug:sfcdebug.obj
 0001:0001fd60       sf_debug_set_number_of_data_with_change_event_for_machine 0000000180020d60 f   sfc_debug:sfcdebug.obj
 0001:0001fda0       sf_debug_set_machine_event_thresholds 0000000180020da0 f   sfc_debug:sfcdebug.obj
 0001:0001fdc0       sf_debug_set_machine_event_scope 0000000180020dc0 f   sfc_debug:sfcdebug.obj
 0001:0001fe00       sf_debug_set_machine_data_thresholds 0000000180020e00 f   sfc_debug:sfcdebug.obj
 0001:0001fe40       sf_debug_set_machine_data_scope 0000000180020e40 f   sfc_debug:sfcdebug.obj
 0001:0001fed0       sf_debug_set_machine_data_name 0000000180020ed0 f   sfc_debug:sfcdebug.obj
 0001:0001ff70       sf_debug_set_machine_data_size 0000000180020f70 f   sfc_debug:sfcdebug.obj
 0001:000200b0       sf_debug_set_machine_data_type 00000001800210b0 f   sfc_debug:sfcdebug.obj
 0001:00020220       sf_debug_get_chart_data_number 0000000180021220 f   sfc_debug:sfcdebug.obj
 0001:00020240       sf_debug_get_chart_event_number 0000000180021240 f   sfc_debug:sfcdebug.obj
 0001:00020260       sf_debug_set_chart_state_info 0000000180021260 f   sfc_debug:sfcdebug.obj
 0001:000202e0       sf_debug_set_chart_decomposition 00000001800212e0 f   sfc_debug:sfcdebug.obj
 0001:00020350       sf_debug_set_chart_substate_count 0000000180021350 f   sfc_debug:sfcdebug.obj
 0001:00020430       sf_debug_set_chart_substate_index 0000000180021430 f   sfc_debug:sfcdebug.obj
 0001:000204a0       sf_debug_set_chart_state_substate_count 00000001800214a0 f   sfc_debug:sfcdebug.obj
 0001:000205b0       sf_debug_set_chart_state_substate_index 00000001800215b0 f   sfc_debug:sfcdebug.obj
 0001:00020630       sf_debug_set_number_of_data_with_change_event_for_chart 0000000180021630 f   sfc_debug:sfcdebug.obj
 0001:000206b0       sf_debug_set_number_of_states_with_entry_event_for_chart 00000001800216b0 f   sfc_debug:sfcdebug.obj
 0001:00020720       sf_debug_set_number_of_states_with_exit_event_for_chart 0000000180021720 f   sfc_debug:sfcdebug.obj
 0001:00020790       sf_debug_set_chart_disable_implicit_casting 0000000180021790 f   sfc_debug:sfcdebug.obj
 0001:00020800       sf_debug_set_chart_event_thresholds 0000000180021800 f   sfc_debug:sfcdebug.obj
 0001:00020870       sf_debug_set_chart_data_compiled_props 0000000180021870 f   sfc_debug:sfcdebug.obj
 0001:00020bc0       sf_debug_set_chart_data_props 0000000180021bc0 f   sfc_debug:sfcdebug.obj
 0001:00020ee0       sf_debug_check_fi_license  0000000180021ee0 f   sfc_debug:sfcdebug.obj
 0001:000210d0       sf_debug_symbol_scope_push 00000001800220d0 f   sfc_debug:sfcdebug.obj
 0001:00021110       sf_debug_symbol_scope_push_eml 0000000180022110 f   sfc_debug:sfcdebug.obj
 0001:00021160       sf_debug_symbol_scope_pop  0000000180022160 f   sfc_debug:sfcdebug.obj
 0001:000211a0       sf_debug_symbol_scope_add_importable 00000001800221a0 f   sfc_debug:sfcdebug.obj
 0001:00021220       sf_debug_symbol_scope_add  0000000180022220 f   sfc_debug:sfcdebug.obj
 0001:000212a0       sf_debug_symbol_scope_add_dyn_importable 00000001800222a0 f   sfc_debug:sfcdebug.obj
 0001:00021360       sf_debug_symbol_scope_add_dyn 0000000180022360 f   sfc_debug:sfcdebug.obj
 0001:00021390       sf_debug_symbol_scope_add_eml_importable 0000000180022390 f   sfc_debug:sfcdebug.obj
 0001:000213d0       sf_debug_symbol_scope_add_eml 00000001800223d0 f   sfc_debug:sfcdebug.obj
 0001:00021410       sf_debug_symbol_scope_add_eml_dyn_importable 0000000180022410 f   sfc_debug:sfcdebug.obj
 0001:00021480       sf_debug_symbol_scope_add_eml_dyn 0000000180022480 f   sfc_debug:sfcdebug.obj
 0001:000214e0       sf_debug_symbol_switch     00000001800224e0 f   sfc_debug:sfcdebug.obj
 0001:00021500       sf_debug_symbol_scope_add_verbose 0000000180022500 f   sfc_debug:sfcdebug.obj
 0001:000215d0       sf_debug_set_machine_data_value_ptr 00000001800225d0 f   sfc_debug:sfcdebug.obj
 0001:00021610       sf_debug_set_instance_data_value_ptr 0000000180022610 f   sfc_debug:sfcdebug.obj
 0001:000216d0       sf_debug_unset_instance_data_value_ptr 00000001800226d0 f   sfc_debug:sfcdebug.obj
 0001:00021780       sf_debug_set_chart_event_scope 0000000180022780 f   sfc_debug:sfcdebug.obj
 0001:00021800       sf_debug_set_chart_transition_coverage_maps 0000000180022800 f   sfc_debug:sfcdebug.obj
 0001:00021910       sf_debug_set_chart_state_coverage_maps 0000000180022910 f   sfc_debug:sfcdebug.obj
 0001:000219f0       sf_debug_set_instance_transition_coverage_weights 00000001800229f0 f   sfc_debug:sfcdebug.obj
 0001:00021a90       sf_debug_set_instance_state_coverage_weights 0000000180022a90 f   sfc_debug:sfcdebug.obj
 0001:00021ce0       sf_debug_unload_machine    0000000180022ce0 f   sfc_debug:sfcdebug.obj
 0001:00021d30       sf_debug_load_machine      0000000180022d30 f   sfc_debug:sfcdebug.obj
 0001:00021e30       sf_debug_set_active_instance_in_data_dictionary 0000000180022e30 f   sfc_debug:sfcdebug.obj
 0001:00022010       sf_debug_set_active_instance 0000000180023010 f   sfc_debug:sfcdebug.obj
 0001:00022150       sf_debug_chart_visiblity_change 0000000180023150 f   sfc_debug:sfcdebug.obj
 0001:00022230       sf_debug_select_chart      0000000180023230 f   sfc_debug:sfcdebug.obj
 0001:00022300       sf_debug_set_instance_cv_ids 0000000180023300 f   sfc_debug:sfcdebug.obj
 0001:00022610       sf_debug_select_charts     0000000180023610 f   sfc_debug:sfcdebug.obj
 0001:00022750       sf_debug_initialized       0000000180023750 f   sfc_debug:sfcdebug.obj
 0001:00022760       sf_debug_is_uninterruptible 0000000180023760 f   sfc_debug:sfcdebug.obj
 0001:00022790       sf_debug_initialize_debugger_gui 0000000180023790 f   sfc_debug:sfcdebug.obj
 0001:00022b80       sf_debug_resume            0000000180023b80 f   sfc_debug:sfcdebug.obj
 0001:00022ba0       sf_debug_go                0000000180023ba0 f   sfc_debug:sfcdebug.obj
 0001:00022bb0       sf_debug_break             0000000180023bb0 f   sfc_debug:sfcdebug.obj
 0001:00022bc0       sf_debug_step_over         0000000180023bc0 f   sfc_debug:sfcdebug.obj
 0001:00022bd0       sf_debug_step_out          0000000180023bd0 f   sfc_debug:sfcdebug.obj
 0001:00022be0       sf_debug_set_disable_all_breakpoints 0000000180023be0 f   sfc_debug:sfcdebug.obj
 0001:00022bf0       sf_debug_disable_all_breakpoints_and_go 0000000180023bf0 f   sfc_debug:sfcdebug.obj
 0001:00022c00       sf_debug_break_on_chart_entry 0000000180023c00 f   sfc_debug:sfcdebug.obj
 0001:00022c10       sf_debug_break_on_event_broadcast 0000000180023c10 f   sfc_debug:sfcdebug.obj
 0001:00022c20       sf_debug_break_on_state_entry 0000000180023c20 f   sfc_debug:sfcdebug.obj
 0001:00022c30       sf_debug_break_between_times 0000000180023c30 f   sfc_debug:sfcdebug.obj
 0001:00022c50       sf_debug_browse_data       0000000180023c50 f   sfc_debug:sfcdebug.obj
 0001:00022c70       sf_debug_watch_data        0000000180023c70 f   sfc_debug:sfcdebug.obj
 0001:00022c90       sf_debug_assign_data       0000000180023c90 f   sfc_debug:sfcdebug.obj
 0001:00022cb0       sf_debug_whos              0000000180023cb0 f   sfc_debug:sfcdebug.obj
 0001:00022cd0       sf_debug_get_consistency_info 0000000180023cd0 f   sfc_debug:sfcdebug.obj
 0001:00022ce0       sf_debug_browse_trace      0000000180023ce0 f   sfc_debug:sfcdebug.obj
 0001:00022cf0       sf_debug_set_breakpoints   0000000180023cf0 f   sfc_debug:sfcdebug.obj
 0001:00022e50       sf_debug_set_eml_breakpoints 0000000180023e50 f   sfc_debug:sfcdebug.obj
 0001:00022fb0       sf_debug_set_script_breakpoints 0000000180023fb0 f   sfc_debug:sfcdebug.obj
 0001:00023030       sf_debug_add_script_breakpoints 0000000180024030 f   sfc_debug:sfcdebug.obj
 0001:000230a0       sf_debug_clear_script_breakpoints 00000001800240a0 f   sfc_debug:sfcdebug.obj
 0001:00023110       sf_debug_query_script_breakpoints 0000000180024110 f   sfc_debug:sfcdebug.obj
 0001:000231d0       sf_debug_get_eml_script_id 00000001800241d0 f   sfc_debug:sfcdebug.obj
 0001:00023220       sf_debug_set_watch         0000000180024220 f   sfc_debug:sfcdebug.obj
 0001:00023450       sf_debug_get_instance_handle 0000000180024450 f   sfc_debug:sfcdebug.obj
 0001:000234e0       sf_debug_get_active_states 00000001800244e0 f   sfc_debug:sfcdebug.obj
 0001:000234f0       sf_debug_get_animation     00000001800244f0 f   sfc_debug:sfcdebug.obj
 0001:00023500       sf_debug_set_animation     0000000180024500 f   sfc_debug:sfcdebug.obj
 0001:00023510       sf_debug_animate           0000000180024510 f   sfc_debug:sfcdebug.obj
 0001:00023540       sf_debug_cycle_detection_check 0000000180024540 f   sfc_debug:sfcdebug.obj
 0001:00023550       sf_debug_data_range_check  0000000180024550 f   sfc_debug:sfcdebug.obj
 0001:00023560       sf_debug_transition_conflict_check 0000000180024560 f   sfc_debug:sfcdebug.obj
 0001:00023570       sf_debug_state_consistency_check 0000000180024570 f   sfc_debug:sfcdebug.obj
 0001:00023580       sf_debug_data_range_check_enabled 0000000180024580 f   sfc_debug:sfcdebug.obj
 0001:000235a0       sf_debug_transition_conflict_check_enabled 00000001800245a0 f   sfc_debug:sfcdebug.obj
 0001:000235c0       sf_debug_transition_conflict_check_begin 00000001800245c0 f   sfc_debug:sfcdebug.obj
 0001:000235e0       sf_debug_transition_conflict_check_end 00000001800245e0 f   sfc_debug:sfcdebug.obj
 0001:00023600       sf_debug_stop_debugging    0000000180024600 f   sfc_debug:sfcdebug.obj
 0001:00023630       sf_debug_is_cycle_detected 0000000180024630 f   sfc_debug:sfcdebug.obj
 0001:00023640       sf_debug_is_array_bounds_detected 0000000180024640 f   sfc_debug:sfcdebug.obj
 0001:00023650       sf_debug_get_state_vectors_data_size 0000000180024650 f   sfc_debug:sfcdebug.obj
 0001:00023690       sf_debug_get_state_vectors_data 0000000180024690 f   sfc_debug:sfcdebug.obj
 0001:00023790       sf_debug_set_state_vectors_data 0000000180024790 f   sfc_debug:sfcdebug.obj
 0001:00023a50       sf_debug_get_script_index  0000000180024a50 f   sfc_debug:sfcdebug.obj
 0001:00023be0       sf_debug_add_script        0000000180024be0 f   sfc_debug:sfcdebug.obj
 0001:00023d70       cv_eval_point              0000000180024d70 f   sfc_debug:sfcdebug.obj
 0001:00023ee0       cv_eval_testobjective      0000000180024ee0 f   sfc_debug:sfcdebug.obj
 0001:00024000       sf_debug_cv_init_state     0000000180025000 f   sfc_debug:sfcdebug.obj
 0001:00024120       sf_debug_cv_init_chart     0000000180025120 f   sfc_debug:sfcdebug.obj
 0001:00024200       sf_debug_cv_init_trans     0000000180025200 f   sfc_debug:sfcdebug.obj
 0001:00024300       sf_debug_cv_init_testobjectives 0000000180025300 f   sfc_debug:sfcdebug.obj
 0001:000244e0       cv_eml_init_script         00000001800254e0 f   sfc_debug:sfcdebug.obj
 0001:000245e0       cv_eml_init_fcn            00000001800255e0 f   sfc_debug:sfcdebug.obj
 0001:00024690       cv_eml_init_testobjective  0000000180025690 f   sfc_debug:sfcdebug.obj
 0001:00024760       cv_eml_init_if             0000000180025760 f   sfc_debug:sfcdebug.obj
 0001:00024830       cv_eml_init_for            0000000180025830 f   sfc_debug:sfcdebug.obj
 0001:000248f0       cv_eml_init_while          00000001800258f0 f   sfc_debug:sfcdebug.obj
 0001:000249b0       cv_eml_init_mcdc           00000001800259b0 f   sfc_debug:sfcdebug.obj
 0001:00024ac0       cv_eml_init_switch         0000000180025ac0 f   sfc_debug:sfcdebug.obj
 0001:00024bb0       cv_eml_eval                0000000180025bb0 f   sfc_debug:sfcdebug.obj
 0001:00024c90       sf_debug_bm_is_a_eml_breakpoint 0000000180025c90 f   sfc_debug:sfcdebug.obj
 0001:00024de0       sf_debug_temporal_threshold 0000000180025de0 f   sfc_debug:sfcdebug.obj
 0001:00025140       sf_debug_transition_conflict_error 0000000180026140 f   sfc_debug:sfcdebug.obj
 0001:000254c0       sf_debug_state_inconsistency_error 00000001800264c0 f   sfc_debug:sfcdebug.obj
 0001:000255e0       sf_debug_check_for_state_inconsistency 00000001800265e0 f   sfc_debug:sfcdebug.obj
 0001:00025610       sf_debug_cycle_detecton_error 0000000180026610 f   sfc_debug:sfcdebug.obj
 0001:00025e00       sf_debug_size_eq_check_1d  0000000180026e00 f   sfc_debug:sfcdebug.obj
 0001:00025e20       sf_debug_size_eq_check_nd  0000000180026e20 f   sfc_debug:sfcdebug.obj
 0001:00026000       sf_debug_dim_size_eq_check 0000000180027000 f   sfc_debug:sfcdebug.obj
 0001:00026030       sf_debug_dim_size_geq_check 0000000180027030 f   sfc_debug:sfcdebug.obj
 0001:00026060       sf_debug_sub_assign_size_check_nd 0000000180027060 f   sfc_debug:sfcdebug.obj
 0001:000262a0       sf_debug_matrix_matrix_index_check 00000001800272a0 f   sfc_debug:sfcdebug.obj
 0001:000262d0       sf_debug_vector_vector_index_check 00000001800272d0 f   sfc_debug:sfcdebug.obj
 0001:00026300       sf_debug_for_loop_vector_check 0000000180027300 f   sfc_debug:sfcdebug.obj
 0001:00026380       sf_debug_runtime_error_msgid 0000000180027380 f   sfc_debug:sfcdebug.obj
 0001:00026410       sf_debug_data_array_bounds_error_check 0000000180027410 f   sfc_debug:sfcdebug.obj
 0001:00026520       sf_debug_eml_data_array_bounds_error_check 0000000180027520 f   sfc_debug:sfcdebug.obj
 0001:00026a00       sf_debug_integer_check     0000000180027a00 f   sfc_debug:sfcdebug.obj
 0001:00026ae0       sf_debug_not_nan_check     0000000180027ae0 f   sfc_debug:sfcdebug.obj
 0001:00026ba0       sf_debug_non_negative_check 0000000180027ba0 f   sfc_debug:sfcdebug.obj
 0001:00026c60       sf_debug_overflow_detection 0000000180027c60 f   sfc_debug:sfcdebug.obj
 0001:00027350       sf_debug_cast_to_real32_T  0000000180028350 f   sfc_debug:sfcdebug.obj
 0001:00027410       sf_debug_cast_to_int8_T    0000000180028410 f   sfc_debug:sfcdebug.obj
 0001:000274d0       sf_debug_cast_to_uint8_T   00000001800284d0 f   sfc_debug:sfcdebug.obj
 0001:00027590       sf_debug_cast_to_int16_T   0000000180028590 f   sfc_debug:sfcdebug.obj
 0001:00027650       sf_debug_cast_to_uint16_T  0000000180028650 f   sfc_debug:sfcdebug.obj
 0001:00027710       sf_debug_cast_to_int32_T   0000000180028710 f   sfc_debug:sfcdebug.obj
 0001:000277d0       sf_debug_cast_to_uint32_T  00000001800287d0 f   sfc_debug:sfcdebug.obj
 0001:00027890       sf_debug_data_range_error  0000000180028890 f   sfc_debug:sfcdebug.obj
 0001:00027be0       sf_debug_read_before_write_check 0000000180028be0 f   sfc_debug:sfcdebug.obj
 0001:00027fd0       sf_debug_data_range_error_wrapper_min_max 0000000180028fd0 f   sfc_debug:sfcdebug.obj
 0001:000280c0       sf_debug_data_range_error_wrapper_min 00000001800290c0 f   sfc_debug:sfcdebug.obj
 0001:000281a0       sf_debug_data_range_error_wrapper_max 00000001800291a0 f   sfc_debug:sfcdebug.obj
 0001:00028280       sf_debug_data_range_wrapper 0000000180029280 f   sfc_debug:sfcdebug.obj
 0001:00028330       sf_debug_set_current_status_info 0000000180029330 f   sfc_debug:sfcdebug.obj
 0001:000286e0       sf_debug_register_message_post_receive_info 00000001800296e0 f   sfc_debug:sfcdebug.obj
 0001:00028950       sf_debug_call              0000000180029950 f   sfc_debug:sfcdebug.obj
 0001:00029810       sf_debug_initialize_machine 000000018002a810 f   sfc_debug:sfcdebug.obj
 0001:00029b20       sf_debug_initialize_chart  000000018002ab20 f   sfc_debug:sfcdebug.obj
 0001:0002a000       sf_debug_ensure_script     000000018002b000 f   sfc_debug:sfcdebug.obj
 0001:0002a0c0       cv_script_init_script      000000018002b0c0 f   sfc_debug:sfcdebug.obj
 0001:0002a1a0       cv_script_init_fcn         000000018002b1a0 f   sfc_debug:sfcdebug.obj
 0001:0002a250       cv_script_init_testobjective 000000018002b250 f   sfc_debug:sfcdebug.obj
 0001:0002a300       cv_script_init_if          000000018002b300 f   sfc_debug:sfcdebug.obj
 0001:0002a3b0       cv_script_init_for         000000018002b3b0 f   sfc_debug:sfcdebug.obj
 0001:0002a460       cv_script_init_while       000000018002b460 f   sfc_debug:sfcdebug.obj
 0001:0002a510       cv_script_init_mcdc        000000018002b510 f   sfc_debug:sfcdebug.obj
 0001:0002a610       cv_script_init_switch      000000018002b610 f   sfc_debug:sfcdebug.obj
 0001:0002a6f0       cv_script_eval             000000018002b6f0 f   sfc_debug:sfcdebug.obj
 0001:0002a7d0       eml_debug_line_call        000000018002b7d0 f   sfc_debug:sfcdebug.obj
 0001:0002a980       sf_debug_terminate         000000018002b980 f   sfc_debug:sfcdebug.obj
 0001:0002aaf0       sf_debug_set_script_cv_ids 000000018002baf0 f   sfc_debug:sfcdebug.obj
 0001:0002ac20       sf_debug_api               000000018002bc20 f   sfc_debug:sfc_api.obj
 0001:0002c400       sf_debug_sm_terminate      000000018002d400 f   sfc_debug:sfdb_animation.obj
 0001:0002c5c0       sf_debug_reset_path_objects 000000018002d5c0 f   sfc_debug:sfdb_animation.obj
 0001:0002c640       sf_debug_sm_reset_object_selection_status 000000018002d640 f   sfc_debug:sfdb_animation.obj
 0001:0002c6e0       sf_debug_sm_reset_state_buffer 000000018002d6e0 f   sfc_debug:sfdb_animation.obj
 0001:0002c7b0       sf_debug_sm_store_state_buffer 000000018002d7b0 f   sfc_debug:sfdb_animation.obj
 0001:0002c830       sf_debug_sm_restore_state_buffer1 000000018002d830 f   sfc_debug:sfdb_animation.obj
 0001:0002c8a0       sf_debug_sm_restore_state_buffer2 000000018002d8a0 f   sfc_debug:sfdb_animation.obj
 0001:0002c910       sf_debug_sm_chart_active   000000018002d910 f   sfc_debug:sfdb_animation.obj
 0001:0002c960       sf_debug_sm_select_active_objects 000000018002d960 f   sfc_debug:sfdb_animation.obj
 0001:0002ce10       sf_debug_sm_is_chart_active 000000018002de10 f   sfc_debug:sfdb_animation.obj
 0001:0002ce50       sf_debug_sm_is_state_active 000000018002de50 f   sfc_debug:sfdb_animation.obj
 0001:0002d090       sf_debug_sm_get_active_states 000000018002e090 f   sfc_debug:sfdb_animation.obj
 0001:0002d650       sf_debug_sm_initialize_instance 000000018002e650 f   sfc_debug:sfdb_animation.obj
 0001:0002d8a0       sf_debug_sm_change_object_selection_status 000000018002e8a0 f   sfc_debug:sfdb_animation.obj
 0001:0002db90       cv_create_interface        000000018002eb90 f   sfc_debug:cv_sfinterface.obj
 0001:0002def0       cv_init_trans              000000018002eef0 f   sfc_debug:cv_sfinterface.obj
 0001:0002df40       cv_init_testobjective      000000018002ef40 f   sfc_debug:cv_sfinterface.obj
 0001:0002df80       cv_init_state              000000018002ef80 f   sfc_debug:cv_sfinterface.obj
 0001:0002dff0       cv_init_chart              000000018002eff0 f   sfc_debug:cv_sfinterface.obj
 0001:0002e040       cv_dec_update_call         000000018002f040 f   sfc_debug:cv_sfinterface.obj
 0001:0002e080       cv_cond_update_call        000000018002f080 f   sfc_debug:cv_sfinterface.obj
 0001:0002e0c0       cv_testobjective_update_call 000000018002f0c0 f   sfc_debug:cv_sfinterface.obj
 0001:0002e100       cv_sigrange_update         000000018002f100 f   sfc_debug:cv_sfinterface.obj
 0001:0002e140       cvsf_eml_eval              000000018002f140 f   sfc_debug:cv_sfinterface.obj
 0001:0002e220       cvsf_eml_init_script       000000018002f220 f   sfc_debug:cv_sfinterface.obj
 0001:0002e2a0       cvsf_eml_init_fcn          000000018002f2a0 f   sfc_debug:cv_sfinterface.obj
 0001:0002e300       cvsf_eml_init_testobjective 000000018002f300 f   sfc_debug:cv_sfinterface.obj
 0001:0002e360       cvsf_eml_init_if           000000018002f360 f   sfc_debug:cv_sfinterface.obj
 0001:0002e3c0       cvsf_eml_init_for          000000018002f3c0 f   sfc_debug:cv_sfinterface.obj
 0001:0002e410       cvsf_eml_init_while        000000018002f410 f   sfc_debug:cv_sfinterface.obj
 0001:0002e460       cvsf_eml_init_mcdc         000000018002f460 f   sfc_debug:cv_sfinterface.obj
 0001:0002e4f0       cvsf_eml_init_switch       000000018002f4f0 f   sfc_debug:cv_sfinterface.obj
 0001:0002e560       cvsf_script_eval           000000018002f560 f   sfc_debug:cv_sfinterface.obj
 0001:0002e640       cvsf_script_init_script    000000018002f640 f   sfc_debug:cv_sfinterface.obj
 0001:0002e6c0       cvsf_script_init_fcn       000000018002f6c0 f   sfc_debug:cv_sfinterface.obj
 0001:0002e720       cvsf_script_init_testobjective 000000018002f720 f   sfc_debug:cv_sfinterface.obj
 0001:0002e780       cvsf_script_init_if        000000018002f780 f   sfc_debug:cv_sfinterface.obj
 0001:0002e7e0       cvsf_script_init_for       000000018002f7e0 f   sfc_debug:cv_sfinterface.obj
 0001:0002e830       cvsf_script_init_while     000000018002f830 f   sfc_debug:cv_sfinterface.obj
 0001:0002e880       cvsf_script_init_mcdc      000000018002f880 f   sfc_debug:cv_sfinterface.obj
 0001:0002e910       cvsf_script_init_switch    000000018002f910 f   sfc_debug:cv_sfinterface.obj
 0001:0002e980       cv_destroy_interface       000000018002f980 f   sfc_debug:cv_sfinterface.obj
 0001:0002e9a0       cv_create_instance_objects 000000018002f9a0 f   sfc_debug:cv_sfinterface.obj
 0001:0002ee50       cv_is_enabled              000000018002fe50 f   sfc_debug:cv_sfinterface.obj
 0001:0002ee60       sf_debug_cv_initialize_script 000000018002fe60 f   sfc_debug:cv_sfinterface.obj
 0001:0002f010       sf_debug_cv_initialize_instance 0000000180030010 f   sfc_debug:cv_sfinterface.obj
 0001:0002f3b0       sf_debug_cv_terminate_chart 00000001800303b0 f   sfc_debug:cv_sfinterface.obj
 0001:0002f4f0       cv_call_trans_test         00000001800304f0 f   sfc_debug:cv_sfinterface.obj
 0001:0002f500       cv_call_sub_cond_test      0000000180030500 f   sfc_debug:cv_sfinterface.obj
 0001:0002f540       sf_debug_st_initialize_machine 0000000180030540 f   sfc_debug:sfdb_data_browse.obj
 0001:0002f600       sf_debug_st_initialize_instance 0000000180030600 f   sfc_debug:sfdb_data_browse.obj
 0001:0002f830       sf_debug_st_terminate      0000000180030830 f   sfc_debug:sfdb_data_browse.obj
 0001:0002fbd0       sf_debug_st_set_data_value_ptr_in_machine 0000000180030bd0 f   sfc_debug:sfdb_data_browse.obj
 0001:0002fc60       sf_debug_st_set_data_value_ptr_in_instance 0000000180030c60 f   sfc_debug:sfdb_data_browse.obj
 0001:0002fd40       sf_debug_st_unset_data_value_ptr_in_machine 0000000180030d40 f   sfc_debug:sfdb_data_browse.obj
 0001:0002fdb0       sf_debug_st_unset_data_value_ptr_in_instance 0000000180030db0 f   sfc_debug:sfdb_data_browse.obj
 0001:000300c0       sf_debug_mx_value          00000001800310c0 f   sfc_debug:sfdb_data_browse.obj
 0001:00030120       sf_debug_mx_packed_vector  0000000180031120 f   sfc_debug:sfdb_data_browse.obj
 0001:00030200       sf_debug_mx_uint_vector    0000000180031200 f   sfc_debug:sfdb_data_browse.obj
 0001:000302c0       sf_debug_st_get_double_value_from_void_ptr_vector 00000001800312c0 f   sfc_debug:sfdb_data_browse.obj
 0001:00030db0       sf_debug_st_browse_data    0000000180031db0 f   sfc_debug:sfdb_data_browse.obj
 0001:00031640       sf_debug_hm_initialize_instance 0000000180032640 f   sfc_debug:sfdb_handle_management.obj
 0001:00031bc0       sf_debug_hm_get_object_id  0000000180032bc0 f   sfc_debug:sfdb_handle_management.obj
 0001:00033b30       sf_debug_object_is_eml_function 0000000180034b30 f   sfc_debug:sfdb_handle_management.obj
 0001:00033ba0       sf_debug_hm_initialize_ids_in_machine 0000000180034ba0 f   sfc_debug:sfdb_handle_management.obj
 0001:00033d10       sf_debug_hm_initialize_ids_in_chart 0000000180034d10 f   sfc_debug:sfdb_handle_management.obj
 0001:00033e50       sf_debug_hm_initialize_chart 0000000180034e50 f   sfc_debug:sfdb_handle_management.obj
 0001:00034600       sf_debug_hm_terminate      0000000180035600 f   sfc_debug:sfdb_handle_management.obj
 0001:00034660       sf_debug_hm_initialize_machine 0000000180035660 f   sfc_debug:sfdb_handle_management.obj
 0001:00034e10       sf_debug_ss_initialize     0000000180035e10 f   sfc_debug:sfdb_symbol_scope.obj
 0001:00034e30       sf_debug_ss_terminate      0000000180035e30 f   sfc_debug:sfdb_symbol_scope.obj
 0001:00034ec0       sf_debug_ss_push_symbol_scope 0000000180035ec0 f   sfc_debug:sfdb_symbol_scope.obj
 0001:00034fc0       sf_debug_ss_push_symbol_scope_eml 0000000180035fc0 f   sfc_debug:sfdb_symbol_scope.obj
 0001:00035020       sf_debug_ss_pop_symbol_scope 0000000180036020 f   sfc_debug:sfdb_symbol_scope.obj
 0001:000350d0       sf_debug_ss_add_symbol     00000001800360d0 f   sfc_debug:sfdb_symbol_scope.obj
 0001:00035230       sf_debug_ss_add_symbol_eml 0000000180036230 f   sfc_debug:sfdb_symbol_scope.obj
 0001:00035f10       sf_debug_ss_set_data_value 0000000180036f10 f   sfc_debug:sfdb_symbol_scope.obj
 0001:000363b0       sf_debug_ss_watch_data     00000001800373b0 f   sfc_debug:sfdb_symbol_scope.obj
 0001:00036450       sf_debug_ss_assign_data    0000000180037450 f   sfc_debug:sfdb_symbol_scope.obj
 0001:00036e50       get_data_entry_name        0000000180037e50 f   sfc_debug:sfdb_symbol_scope.obj
 0001:00036ea0       sf_debug_ss_whos           0000000180037ea0 f   sfc_debug:sfdb_symbol_scope.obj
 0001:000375b0       sf_debug_cc_initialize_chart 00000001800385b0 f   sfc_debug:sfdb_coverage.obj
 0001:00037fa0       sf_debug_cc_initialize_instance 0000000180038fa0 f   sfc_debug:sfdb_coverage.obj
 0001:00038da0       sf_debug_cc_terminate      0000000180039da0 f   sfc_debug:sfdb_coverage.obj
 0001:00038e90       sf_debug_cc_set_transition_maps 0000000180039e90 f   sfc_debug:sfdb_coverage.obj
 0001:00038fc0       sf_debug_cc_set_state_maps 0000000180039fc0 f   sfc_debug:sfdb_coverage.obj
 0001:000390a0       sf_debug_cc_set_transition_weights 000000018003a0a0 f   sfc_debug:sfdb_coverage.obj
 0001:00039370       sf_debug_cc_set_state_weights 000000018003a370 f   sfc_debug:sfdb_coverage.obj
 0001:00039640       sf_debug_cc_mark_transition_guard 000000018003a640 f   sfc_debug:sfdb_coverage.obj
 0001:000396d0       sf_debug_cc_mark_transition_trigger 000000018003a6d0 f   sfc_debug:sfdb_coverage.obj
 0001:00039760       sf_debug_cc_mark_transition_decision 000000018003a760 f   sfc_debug:sfdb_coverage.obj
 0001:000397d0       sf_debug_cc_mark_transition_condition_action 000000018003a7d0 f   sfc_debug:sfdb_coverage.obj
 0001:00039820       sf_debug_cc_mark_transition_transition_action 000000018003a820 f   sfc_debug:sfdb_coverage.obj
 0001:00039870       sf_debug_cc_mark_state_entry 000000018003a870 f   sfc_debug:sfdb_coverage.obj
 0001:000398c0       sf_debug_cc_mark_state_during 000000018003a8c0 f   sfc_debug:sfdb_coverage.obj
 0001:00039910       sf_debug_cc_mark_state_exit 000000018003a910 f   sfc_debug:sfdb_coverage.obj
 0001:00039960       sf_debug_bm_clear_script_breakpoints 000000018003a960 f   sfc_debug:sfdb_breakpoints.obj
 0001:00039990       sf_debug_bm_set_script_breakpoint 000000018003a990 f   sfc_debug:sfdb_breakpoints.obj
 0001:00039a10       sf_debug_bm_clear_single_script_breakpoint 000000018003aa10 f   sfc_debug:sfdb_breakpoints.obj
 0001:00039a90       sf_debug_bm_query_script_breakpoint 000000018003aa90 f   sfc_debug:sfdb_breakpoints.obj
 0001:00039ae0       sf_debug_bm_initialize_scripts 000000018003aae0 f   sfc_debug:sfdb_breakpoints.obj
 0001:0003a200       sf_debug_bm_terminate      000000018003b200 f   sfc_debug:sfdb_breakpoints.obj
 0001:0003a4f0       sf_debug_bm_remove_all_breakpoints_in_machine 000000018003b4f0 f   sfc_debug:sfdb_breakpoints.obj
 0001:0003a560       sf_debug_bm_remove_all_breakpoints_in_chart 000000018003b560 f   sfc_debug:sfdb_breakpoints.obj
 0001:0003a6b0       sf_debug_bm_initialize_global_breakpoints 000000018003b6b0 f   sfc_debug:sfdb_breakpoints.obj
 0001:0003a830       sf_debug_bm_set_breakpoint 000000018003b830 f   sfc_debug:sfdb_breakpoints.obj
 0001:0003ae60       sf_debug_bm_set_eml_breakpoint 000000018003be60 f   sfc_debug:sfdb_breakpoints.obj
 0001:0003af00       sf_debug_bm_initialize_machine_breakpoint_map 000000018003bf00 f   sfc_debug:sfdb_breakpoints.obj
 0001:0003b320       sf_debug_bm_is_a_breakpoint 000000018003c320 f   sfc_debug:sfdb_breakpoints.obj
 0001:0003b840       sf_debug_bm_get_all_breakpoints_in_machine 000000018003c840 f   sfc_debug:sfdb_breakpoints.obj
 0001:0003bb40       sf_debug_bm_get_all_breakpoints_in_chart 000000018003cb40 f   sfc_debug:sfdb_breakpoints.obj
 0001:0003c800       sf_debug_bm_initialize_machine 000000018003d800 f   sfc_debug:sfdb_breakpoints.obj
 0001:0003c8d0       sf_debug_bm_initialize_chart 000000018003d8d0 f   sfc_debug:sfdb_breakpoints.obj
 0001:0003ccf0       sf_debug_sc_terminate      000000018003dcf0 f   sfc_debug:sfdb_state_consistency.obj
 0001:0003d020       sf_debug_sc_is_chart_consistent 000000018003e020 f   sfc_debug:sfdb_state_consistency.obj
 0001:0003d2d0       sf_debug_sc_get_consistency_error_info 000000018003e2d0 f   sfc_debug:sfdb_state_consistency.obj
 0001:0003d720       sf_debug_tm_terminate      000000018003e720 f   sfc_debug:sfdb_call_stack.obj
 0001:0003d7e0       sf_debug_tm_push_chart_instance 000000018003e7e0 f   sfc_debug:sfdb_call_stack.obj
 0001:0003d930       sf_debug_tm_pop_chart_instance 000000018003e930 f   sfc_debug:sfdb_call_stack.obj
 0001:0003d990       sf_debug_tm_push_trace_node 000000018003e990 f   sfc_debug:sfdb_call_stack.obj
 0001:0003db20       sf_debug_tm_pop_trace_node 000000018003eb20 f   sfc_debug:sfdb_call_stack.obj
 0001:0003dba0       sf_debug_tm_get_current_global_trace_index 000000018003eba0 f   sfc_debug:sfdb_call_stack.obj
 0001:0003dbb0       sf_debug_tm_get_current_local_trace_index 000000018003ebb0 f   sfc_debug:sfdb_call_stack.obj
 0001:0003dbe0       sf_debug_tm_set_cycle_detected_flag 000000018003ebe0 f   sfc_debug:sfdb_call_stack.obj
 0001:0003dc20       sf_debug_tm_set_cycle_started_flag 000000018003ec20 f   sfc_debug:sfdb_call_stack.obj
 0001:0003dc60       sf_debug_tm_get_chart_number_from_stack 000000018003ec60 f   sfc_debug:sfdb_call_stack.obj
 0001:0003de60       sf_debug_tm_browse_trace   000000018003ee60 f   sfc_debug:sfdb_call_stack.obj
 0001:0003e1a0       sf_debug_cd_initialize_instance 000000018003f1a0 f   sfc_debug:sfdb_cycle_detection.obj
 0001:0003e450       sf_debug_cd_mark_processed_transition_in_instance 000000018003f450 f   sfc_debug:sfdb_cycle_detection.obj
 0001:0003e4f0       sf_debug_cd_checksum_push  000000018003f4f0 f   sfc_debug:sfdb_cycle_detection.obj
 0001:0003e7b0       sf_debug_cd_checksum_pop   000000018003f7b0 f   sfc_debug:sfdb_cycle_detection.obj
 0001:0003e820       sf_debug_cd_turn_off_cycle_detection 000000018003f820 f   sfc_debug:sfdb_cycle_detection.obj
 0001:0003e870       sf_debug_cd_terminate      000000018003f870 f   sfc_debug:sfdb_cycle_detection.obj
 0001:0003eab0       md5_initialize_state       000000018003fab0 f   sfc_debug:ckmd5.obj
 0001:0003f520       md5_update_state           0000000180040520 f   sfc_debug:ckmd5.obj
 0001:0003f540       md5_get_hash               0000000180040540 f   sfc_debug:ckmd5.obj
 0001:0003f570       md5_get_hash_for_a_single_string 0000000180040570 f   sfc_debug:ckmd5.obj
 0001:0003f5d4       mxGetPr                    00000001800405d4 f   libmx:libmx.dll
 0001:0003f5da       mxCreateDoubleScalar       00000001800405da f   libmx:libmx.dll
 0001:0003f5e0       mxCreateDoubleMatrix_730   00000001800405e0 f   libmx:libmx.dll
 0001:0003f5e6       mxSetField_730             00000001800405e6 f   libmx:libmx.dll
 0001:0003f5ec       mxCreateString             00000001800405ec f   libmx:libmx.dll
 0001:0003f5f2       mxCreateStructMatrix_730   00000001800405f2 f   libmx:libmx.dll
 0001:0003f5f8       mxDestroyArray             00000001800405f8 f   libmx:libmx.dll
 0001:0003f5fe       mxDuplicateArray           00000001800405fe f   libmx:libmx.dll
 0001:0003f604       mxGetString_730            0000000180040604 f   libmx:libmx.dll
 0001:0003f60a       mxIsChar                   000000018004060a f   libmx:libmx.dll
 0001:0003f610       mxGetClassID               0000000180040610 f   libmx:libmx.dll
 0001:0003f616       mxIsNumeric                0000000180040616 f   libmx:libmx.dll
 0001:0003f61c       mxIsComplex                000000018004061c f   libmx:libmx.dll
 0001:0003f622       mxGetN                     0000000180040622 f   libmx:libmx.dll
 0001:0003f628       mxGetM                     0000000180040628 f   libmx:libmx.dll
 0001:0003f62e       mxCalloc                   000000018004062e f   libmx:libmx.dll
 0001:0003f634       mxGetScalar                0000000180040634 f   libmx:libmx.dll
 0001:0003f63a       mxIsLogical                000000018004063a f   libmx:libmx.dll
 0001:0003f640       mxCreateDoubleMatrix_700   0000000180040640 f   libmx:libmx.dll
 0001:0003f646       mxFree                     0000000180040646 f   libmx:libmx.dll
 0001:0003f64c       mxArrayToString            000000018004064c f   libmx:libmx.dll
 0001:0003f652       mxCreateCellMatrix_700     0000000180040652 f   libmx:libmx.dll
 0001:0003f658       mxSetCell_700              0000000180040658 f   libmx:libmx.dll
 0001:0003f65e       mxGetCell_700              000000018004065e f   libmx:libmx.dll
 0001:0003f664       mxGetClassName             0000000180040664 f   libmx:libmx.dll
 0001:0003f66a       mxSetField_700             000000018004066a f   libmx:libmx.dll
 0001:0003f670       mxAddField                 0000000180040670 f   libmx:libmx.dll
 0001:0003f676       mxGetField_700             0000000180040676 f   libmx:libmx.dll
 0001:0003f67c       mxGetNumberOfElements      000000018004067c f   libmx:libmx.dll
 0001:0003f682       mxIsStruct                 0000000180040682 f   libmx:libmx.dll
 0001:0003f688       mxIsA                      0000000180040688 f   libmx:libmx.dll
 0001:0003f68e       mxIsClass                  000000018004068e f   libmx:libmx.dll
 0001:0003f694       mxGetLogicals              0000000180040694 f   libmx:libmx.dll
 0001:0003f69a       mxIsSparse                 000000018004069a f   libmx:libmx.dll
 0001:0003f6a0       mxSetFieldByNumber_700     00000001800406a0 f   libmx:libmx.dll
 0001:0003f6a6       mxGetFieldByNumber_700     00000001800406a6 f   libmx:libmx.dll
 0001:0003f6ac       mxGetFieldNameByNumber     00000001800406ac f   libmx:libmx.dll
 0001:0003f6b2       mxGetNumberOfFields        00000001800406b2 f   libmx:libmx.dll
 0001:0003f6b8       mxCreateStructMatrix_700   00000001800406b8 f   libmx:libmx.dll
 0001:0003f6be       mxGetFieldNumber           00000001800406be f   libmx:libmx.dll
 0001:0003f6c4       mxIsNaN                    00000001800406c4 f   libmx:libmx.dll
 0001:0003f6ca       mxIsEmpty                  00000001800406ca f   libmx:libmx.dll
 0001:0003f6d0       mxGetData                  00000001800406d0 f   libmx:libmx.dll
 0001:0003f6d6       mxGetImagData              00000001800406d6 f   libmx:libmx.dll
 0001:0003f6dc       mxArrayClassIDName         00000001800406dc f   libmx:libmx.dll
 0001:0003f6e2       mxCreateNumericMatrix_700  00000001800406e2 f   libmx:libmx.dll
 0001:0003f6e8       mxCreateStructArray_700    00000001800406e8 f   libmx:libmx.dll
 0001:0003f6ee       mxCalcSingleSubscript_700  00000001800406ee f   libmx:libmx.dll
 0001:0003f6f4       mxGetDimensions_700        00000001800406f4 f   libmx:libmx.dll
 0001:0003f6fa       mxGetNumberOfDimensions_700 00000001800406fa f   libmx:libmx.dll
 0001:0003f700       mxCreateNumericArray_700   0000000180040700 f   libmx:libmx.dll
 0001:0003f706       mxGetElementSize           0000000180040706 f   libmx:libmx.dll
 0001:0003f70c       mxCreateStringFromNChars_700 000000018004070c f   libmx:libmx.dll
 0001:0003f712       mxGetString_700            0000000180040712 f   libmx:libmx.dll
 0001:0003f718       mxIsLogicalScalarTrue      0000000180040718 f   libmx:libmx.dll
 0001:0003f71e       mxCreateLogicalScalar      000000018004071e f   libmx:libmx.dll
 0001:0003f724       mexUnlock                  0000000180040724 f   libmex:libmex.dll
 0001:0003f72a       mexIsLocked                000000018004072a f   libmex:libmex.dll
 0001:0003f730       mexWarnMsgTxt              0000000180040730 f   libmex:libmex.dll
 0001:0003f736       mexCallMATLAB              0000000180040736 f   libmex:libmex.dll
 0001:0003f73c       mexErrMsgTxt               000000018004073c f   libmex:libmex.dll
 0001:0003f742       mexMakeArrayPersistent     0000000180040742 f   libmex:libmex.dll
 0001:0003f748       mexSetTrapFlag             0000000180040748 f   libmex:libmex.dll
 0001:0003f74e       mexPutVariable             000000018004074e f   libmex:libmex.dll
 0001:0003f754       mexGetVariable             0000000180040754 f   libmex:libmex.dll
 0001:0003f75a       mexLock                    000000018004075a f   libmex:libmex.dll
 0001:0003f760       mexMakeMemoryPersistent    0000000180040760 f   libmex:libmex.dll
 0001:0003f766       mexFunctionName            0000000180040766 f   libmex:libmex.dll
 0001:0003f76c       ssRegisterDataTypeFxpFSlopeFixExpBias 000000018004076c f   libfixedpoint:libfixedpoint.dll
 0001:0003f772       utVSNprintf                0000000180040772 f   libut:libut.dll
 0001:0003f778       utCPUtime                  0000000180040778 f   libut:libut.dll
 0001:0003f77e       utFree                     000000018004077e f   libut:libut.dll
 0001:0003f784       utMalloc                   0000000180040784 f   libut:libut.dll
 0001:0003f78a       muDoubleScalarLog          000000018004078a f   libmwmathutil:libmwmathutil.dll
 0001:0003f790       muDoubleScalarHypot        0000000180040790 f   libmwmathutil:libmwmathutil.dll
 0001:0003f796       muDoubleScalarAbs          0000000180040796 f   libmwmathutil:libmwmathutil.dll
 0001:0003f79c       muDoubleScalarRound        000000018004079c f   libmwmathutil:libmwmathutil.dll
 0001:0003f7a2       emlrtCheckBuiltInCtxR2011a 00000001800407a2 f   libemlrt:libemlrt.dll
 0001:0003f7a8       emlrtCheckVsBuiltInCtxR2011a 00000001800407a8 f   libemlrt:libemlrt.dll
 0001:0003f7ae       emlrtCheckEnumR2009a       00000001800407ae f   libemlrt:libemlrt.dll
 0001:0003f7b4       emlrtCreateEnumR2010a      00000001800407b4 f   libemlrt:libemlrt.dll
 0001:0003f7ba       emlrtGetEnumElementR2009a  00000001800407ba f   libemlrt:libemlrt.dll
 0001:0003f7c0       emlrtCreateReference       00000001800407c0 f   libemlrt:libemlrt.dll
 0001:0003f7c6       emlrtImportVsFiArrayR2009b 00000001800407c6 f   libemlrt:libemlrt.dll
 0001:0003f7cc       emlrtNameCapturePostProcessR2012a 00000001800407cc f   libemlrt:libemlrt.dll
 0001:0003f7d2       emlrtExtractMessageId      00000001800407d2 f   libemlrt:libemlrt.dll
 0001:0003f7d8       emlrtTranslateMessageIDtoLCPstring 00000001800407d8 f   libemlrt:libemlrt.dll
 0001:0003f7de       emlrtForLoopVectorIsValidR2011b 00000001800407de f   libemlrt:libemlrt.dll
 0001:0003f7e4       emlrtTranslateUTF16MessagetoLCPstring 00000001800407e4 f   libemlrt:libemlrt.dll
 0001:0003f7ea       emlrtGetEnumUnderlyingArrayR2009a 00000001800407ea f   libemlrt:libemlrt.dll
 0001:0003f7f0       emlrtIsEnumR2009a          00000001800407f0 f   libemlrt:libemlrt.dll
 0001:0003f7f8       __GSHandlerCheckCommon     00000001800407f8 f   MSVCRT:gshandler.obj
 0001:0003f85c       __GSHandlerCheck           000000018004085c f   MSVCRT:gshandler.obj
 0001:0003f87a       strlen                     000000018004087a f   MSVCRT:MSVCR100.dll
 0001:0003f890       __security_check_cookie    0000000180040890 f   MSVCRT:amdsecgs.obj
 0001:0003f8c0       __chkstk                   00000001800408c0 f   MSVCRT:chkstk.obj
 0001:0003f8c0       _alloca_probe              00000001800408c0     MSVCRT:chkstk.obj
 0001:0003f90e       memset                     000000018004090e f   MSVCRT:MSVCR100.dll
 0001:0003f914       malloc                     0000000180040914 f   MSVCRT:MSVCR100.dll
 0001:0003f91a       free                       000000018004091a f   MSVCRT:MSVCR100.dll
 0001:0003f920       strcmp                     0000000180040920 f   MSVCRT:MSVCR100.dll
 0001:0003f926       sprintf                    0000000180040926 f   MSVCRT:MSVCR100.dll
 0001:0003f92c       strcat                     000000018004092c f   MSVCRT:MSVCR100.dll
 0001:0003f932       memcpy                     0000000180040932 f   MSVCRT:MSVCR100.dll
 0001:0003f938       NtCurrentTeb               0000000180040938 f i MSVCRT:crtdll.obj
 0001:0003f9a4       _CRT_INIT                  00000001800409a4 f   MSVCRT:crtdll.obj
 0001:0003fd3c       _DllMainCRTStartup         0000000180040d3c f   MSVCRT:crtdll.obj
 0001:0003fd7a       strncpy                    0000000180040d7a f   MSVCRT:MSVCR100.dll
 0001:0003fd80       longjmp                    0000000180040d80 f   MSVCRT:MSVCR100.dll
 0001:0003fd86       strncmp                    0000000180040d86 f   MSVCRT:MSVCR100.dll
 0001:0003fd8c       ceil                       0000000180040d8c f   MSVCRT:MSVCR100.dll
 0001:0003fd92       strrchr                    0000000180040d92 f   MSVCRT:MSVCR100.dll
 0001:0003fd98       _setjmp                    0000000180040d98 f   MSVCRT:MSVCR100.dll
 0001:0003fd9e       calloc                     0000000180040d9e f   MSVCRT:MSVCR100.dll
 0001:0003fda4       realloc                    0000000180040da4 f   MSVCRT:MSVCR100.dll
 0001:0003fdaa       ldexp                      0000000180040daa f   MSVCRT:MSVCR100.dll
 0001:0003fdb0       __report_gsfailure         0000000180040db0 f   MSVCRT:gs_report.obj
 0001:0003fefc       __clean_type_info_names    0000000180040efc f   MSVCRT:tncleanup.obj
 0001:0003ff08       _onexit                    0000000180040f08 f   MSVCRT:atonexit.obj
 0001:0003ffb8       atexit                     0000000180040fb8 f   MSVCRT:atonexit.obj
 0001:0003ffd0       _RTC_Initialize            0000000180040fd0 f   MSVCRT:_initsect_.obj
 0001:00040008       _RTC_Terminate             0000000180041008 f   MSVCRT:_initsect_.obj
 0001:00040040       _malloc_crt                0000000180041040 f   MSVCRT:MSVCR100.dll
 0001:00040050       _ValidateImageBase         0000000180041050 f   MSVCRT:pesect.obj
 0001:00040080       _FindPESection             0000000180041080 f   MSVCRT:pesect.obj
 0001:000400d0       _IsNonwritableInCurrentImage 00000001800410d0 f   MSVCRT:pesect.obj
 0001:00040112       _initterm                  0000000180041112 f   MSVCRT:MSVCR100.dll
 0001:00040118       _initterm_e                0000000180041118 f   MSVCRT:MSVCR100.dll
 0001:0004011e       _encoded_null              000000018004111e f   MSVCRT:MSVCR100.dll
 0001:00040124       _amsg_exit                 0000000180041124 f   MSVCRT:MSVCR100.dll
 0001:0004012a       __C_specific_handler       000000018004112a f   MSVCRT:MSVCR100.dll
 0001:00040130       __CppXcptFilter            0000000180041130 f   MSVCRT:MSVCR100.dll
 0001:00040138       DllMain                    0000000180041138 f   MSVCRT:dllmain.obj
 0001:0004015c       __security_init_cookie     000000018004115c f   MSVCRT:gs_support.obj
 0001:00040210       __crt_debugger_hook        0000000180041210 f   MSVCRT:MSVCR100.dll
 0001:00040216       __clean_type_info_names_internal 0000000180041216 f   MSVCRT:MSVCR100.dll
 0001:0004021c       _unlock                    000000018004121c f   MSVCRT:MSVCR100.dll
 0001:00040222       __dllonexit                0000000180041222 f   MSVCRT:MSVCR100.dll
 0001:00040228       _lock                      0000000180041228 f   MSVCRT:MSVCR100.dll
 0001:0004022e       EncodePointer              000000018004122e f   kernel32:KERNEL32.dll
 0001:00040234       DecodePointer              0000000180041234 f   kernel32:KERNEL32.dll
 0001:0004023a       Sleep                      000000018004123a f   kernel32:KERNEL32.dll
 0001:00040240       TerminateProcess           0000000180041240 f   kernel32:KERNEL32.dll
 0001:00040246       GetCurrentProcess          0000000180041246 f   kernel32:KERNEL32.dll
 0001:0004024c       UnhandledExceptionFilter   000000018004124c f   kernel32:KERNEL32.dll
 0001:00040252       SetUnhandledExceptionFilter 0000000180041252 f   kernel32:KERNEL32.dll
 0001:00040258       IsDebuggerPresent          0000000180041258 f   kernel32:KERNEL32.dll
 0001:0004025e       RtlVirtualUnwind           000000018004125e f   kernel32:KERNEL32.dll
 0001:00040264       RtlLookupFunctionEntry     0000000180041264 f   kernel32:KERNEL32.dll
 0001:0004026a       RtlCaptureContext          000000018004126a f   kernel32:KERNEL32.dll
 0001:00040270       DisableThreadLibraryCalls  0000000180041270 f   kernel32:KERNEL32.dll
 0001:00040276       QueryPerformanceCounter    0000000180041276 f   kernel32:KERNEL32.dll
 0001:0004027c       GetTickCount               000000018004127c f   kernel32:KERNEL32.dll
 0001:00040282       GetCurrentThreadId         0000000180041282 f   kernel32:KERNEL32.dll
 0001:00040288       GetCurrentProcessId        0000000180041288 f   kernel32:KERNEL32.dll
 0001:0004028e       GetSystemTimeAsFileTime    000000018004128e f   kernel32:KERNEL32.dll
 0002:00000000       __imp_DisableThreadLibraryCalls 0000000180042000     kernel32:KERNEL32.dll
 0002:00000008       __imp_RtlCaptureContext    0000000180042008     kernel32:KERNEL32.dll
 0002:00000010       __imp_RtlLookupFunctionEntry 0000000180042010     kernel32:KERNEL32.dll
 0002:00000018       __imp_RtlVirtualUnwind     0000000180042018     kernel32:KERNEL32.dll
 0002:00000020       __imp_IsDebuggerPresent    0000000180042020     kernel32:KERNEL32.dll
 0002:00000028       __imp_SetUnhandledExceptionFilter 0000000180042028     kernel32:KERNEL32.dll
 0002:00000030       __imp_UnhandledExceptionFilter 0000000180042030     kernel32:KERNEL32.dll
 0002:00000038       __imp_GetCurrentProcess    0000000180042038     kernel32:KERNEL32.dll
 0002:00000040       __imp_TerminateProcess     0000000180042040     kernel32:KERNEL32.dll
 0002:00000048       __imp_Sleep                0000000180042048     kernel32:KERNEL32.dll
 0002:00000050       __imp_DecodePointer        0000000180042050     kernel32:KERNEL32.dll
 0002:00000058       __imp_EncodePointer        0000000180042058     kernel32:KERNEL32.dll
 0002:00000060       __imp_GetTickCount         0000000180042060     kernel32:KERNEL32.dll
 0002:00000068       __imp_GetCurrentThreadId   0000000180042068     kernel32:KERNEL32.dll
 0002:00000070       __imp_GetCurrentProcessId  0000000180042070     kernel32:KERNEL32.dll
 0002:00000078       __imp_GetSystemTimeAsFileTime 0000000180042078     kernel32:KERNEL32.dll
 0002:00000080       __imp_QueryPerformanceCounter 0000000180042080     kernel32:KERNEL32.dll
 0002:00000088       \177KERNEL32_NULL_THUNK_DATA 0000000180042088     kernel32:KERNEL32.dll
 0002:00000090       __imp_realloc              0000000180042090     MSVCRT:MSVCR100.dll
 0002:00000098       __imp__onexit              0000000180042098     MSVCRT:MSVCR100.dll
 0002:000000a0       __imp__lock                00000001800420a0     MSVCRT:MSVCR100.dll
 0002:000000a8       __imp___dllonexit          00000001800420a8     MSVCRT:MSVCR100.dll
 0002:000000b0       __imp__unlock              00000001800420b0     MSVCRT:MSVCR100.dll
 0002:000000b8       __imp___clean_type_info_names_internal 00000001800420b8     MSVCRT:MSVCR100.dll
 0002:000000c0       __imp___crt_debugger_hook  00000001800420c0     MSVCRT:MSVCR100.dll
 0002:000000c8       __imp___CppXcptFilter      00000001800420c8     MSVCRT:MSVCR100.dll
 0002:000000d0       __imp___C_specific_handler 00000001800420d0     MSVCRT:MSVCR100.dll
 0002:000000d8       __imp__amsg_exit           00000001800420d8     MSVCRT:MSVCR100.dll
 0002:000000e0       __imp__encoded_null        00000001800420e0     MSVCRT:MSVCR100.dll
 0002:000000e8       __imp__initterm_e          00000001800420e8     MSVCRT:MSVCR100.dll
 0002:000000f0       __imp__initterm            00000001800420f0     MSVCRT:MSVCR100.dll
 0002:000000f8       __imp__malloc_crt          00000001800420f8     MSVCRT:MSVCR100.dll
 0002:00000100       __imp_ldexp                0000000180042100     MSVCRT:MSVCR100.dll
 0002:00000108       __imp_strlen               0000000180042108     MSVCRT:MSVCR100.dll
 0002:00000110       __imp_calloc               0000000180042110     MSVCRT:MSVCR100.dll
 0002:00000118       __imp__setjmp              0000000180042118     MSVCRT:MSVCR100.dll
 0002:00000120       __imp_strrchr              0000000180042120     MSVCRT:MSVCR100.dll
 0002:00000128       __imp_ceil                 0000000180042128     MSVCRT:MSVCR100.dll
 0002:00000130       __imp_strncmp              0000000180042130     MSVCRT:MSVCR100.dll
 0002:00000138       __imp_longjmp              0000000180042138     MSVCRT:MSVCR100.dll
 0002:00000140       __imp_strncpy              0000000180042140     MSVCRT:MSVCR100.dll
 0002:00000148       __imp_memcpy               0000000180042148     MSVCRT:MSVCR100.dll
 0002:00000150       __imp_strcat               0000000180042150     MSVCRT:MSVCR100.dll
 0002:00000158       __imp_sprintf              0000000180042158     MSVCRT:MSVCR100.dll
 0002:00000160       __imp_strcmp               0000000180042160     MSVCRT:MSVCR100.dll
 0002:00000168       __imp_free                 0000000180042168     MSVCRT:MSVCR100.dll
 0002:00000170       __imp_malloc               0000000180042170     MSVCRT:MSVCR100.dll
 0002:00000178       __imp_memset               0000000180042178     MSVCRT:MSVCR100.dll
 0002:00000180       \177MSVCR100_NULL_THUNK_DATA 0000000180042180     MSVCRT:MSVCR100.dll
 0002:00000188       __imp_emlrtIsEnumR2009a    0000000180042188     libemlrt:libemlrt.dll
 0002:00000190       __imp_emlrtCheckVsBuiltInCtxR2011a 0000000180042190     libemlrt:libemlrt.dll
 0002:00000198       __imp_emlrtGetEnumUnderlyingArrayR2009a 0000000180042198     libemlrt:libemlrt.dll
 0002:000001a0       __imp_emlrtTranslateUTF16MessagetoLCPstring 00000001800421a0     libemlrt:libemlrt.dll
 0002:000001a8       __imp_emlrtForLoopVectorIsValidR2011b 00000001800421a8     libemlrt:libemlrt.dll
 0002:000001b0       __imp_emlrtTranslateMessageIDtoLCPstring 00000001800421b0     libemlrt:libemlrt.dll
 0002:000001b8       __imp_emlrtExtractMessageId 00000001800421b8     libemlrt:libemlrt.dll
 0002:000001c0       __imp_emlrtCheckBuiltInCtxR2011a 00000001800421c0     libemlrt:libemlrt.dll
 0002:000001c8       __imp_emlrtCheckEnumR2009a 00000001800421c8     libemlrt:libemlrt.dll
 0002:000001d0       __imp_emlrtCreateEnumR2010a 00000001800421d0     libemlrt:libemlrt.dll
 0002:000001d8       __imp_emlrtGetEnumElementR2009a 00000001800421d8     libemlrt:libemlrt.dll
 0002:000001e0       __imp_emlrtCreateReference 00000001800421e0     libemlrt:libemlrt.dll
 0002:000001e8       __imp_emlrtImportVsFiArrayR2009b 00000001800421e8     libemlrt:libemlrt.dll
 0002:000001f0       __imp_emlrtNameCapturePostProcessR2012a 00000001800421f0     libemlrt:libemlrt.dll
 0002:000001f8       \177libemlrt_NULL_THUNK_DATA 00000001800421f8     libemlrt:libemlrt.dll
 0002:00000200       __imp_ssRegisterDataTypeFxpFSlopeFixExpBias 0000000180042200     libfixedpoint:libfixedpoint.dll
 0002:00000208       \177libfixedpoint_NULL_THUNK_DATA 0000000180042208     libfixedpoint:libfixedpoint.dll
 0002:00000210       __imp_mexMakeMemoryPersistent 0000000180042210     libmex:libmex.dll
 0002:00000218       __imp_mexFunctionName      0000000180042218     libmex:libmex.dll
 0002:00000220       __imp_mexSetTrapFlag       0000000180042220     libmex:libmex.dll
 0002:00000228       __imp_mexLock              0000000180042228     libmex:libmex.dll
 0002:00000230       __imp_mexGetVariable       0000000180042230     libmex:libmex.dll
 0002:00000238       __imp_mexMakeArrayPersistent 0000000180042238     libmex:libmex.dll
 0002:00000240       __imp_mexErrMsgTxt         0000000180042240     libmex:libmex.dll
 0002:00000248       __imp_mexCallMATLAB        0000000180042248     libmex:libmex.dll
 0002:00000250       __imp_mexWarnMsgTxt        0000000180042250     libmex:libmex.dll
 0002:00000258       __imp_mexIsLocked          0000000180042258     libmex:libmex.dll
 0002:00000260       __imp_mexUnlock            0000000180042260     libmex:libmex.dll
 0002:00000268       __imp_mexPutVariable       0000000180042268     libmex:libmex.dll
 0002:00000270       \177libmex_NULL_THUNK_DATA 0000000180042270     libmex:libmex.dll
 0002:00000278       __imp_muDoubleScalarRound  0000000180042278     libmwmathutil:libmwmathutil.dll
 0002:00000280       __imp_muDoubleScalarLog    0000000180042280     libmwmathutil:libmwmathutil.dll
 0002:00000288       __imp_muDoubleScalarAbs    0000000180042288     libmwmathutil:libmwmathutil.dll
 0002:00000290       __imp_muDoubleScalarHypot  0000000180042290     libmwmathutil:libmwmathutil.dll
 0002:00000298       \177libmwmathutil_NULL_THUNK_DATA 0000000180042298     libmwmathutil:libmwmathutil.dll
 0002:000002a0       __imp_mxGetN               00000001800422a0     libmx:libmx.dll
[...]
 0001:00017b70       ml_get_element_value_from_array 0000000180018b70 f   sfc_mex:sfc_mex.obj
 0001:00017f10       _ml_generic_castability_check 0000000180018f10 f   sfc_mex:sfc_mex.obj
 0001:00018c70       ml_generic_castability_check 0000000180019c70 f   sfc_mex:sfc_mex.obj
 0001:00018d10       ml_check_mx_array_for_single_castability 0000000180019d10 f   sfc_mex:sfc_mex.obj
 0001:00018db0       ml_check_mx_array_for_logical_castability 0000000180019db0 f   sfc_mex:sfc_mex.obj
 0001:00018e50       ml_check_mx_array_for_int8_castability 0000000180019e50 f   sfc_mex:sfc_mex.obj
 0001:00018f00       ml_check_mx_array_for_uint8_castability 0000000180019f00 f   sfc_mex:sfc_mex.obj
 0001:00018f60       ml_check_mx_array_for_int16_castability 0000000180019f60 f   sfc_mex:sfc_mex.obj
 0001:00018fc0       ml_check_mx_array_for_uint16_castability 0000000180019fc0 f   sfc_mex:sfc_mex.obj
 0001:00019020       ml_check_mx_array_for_int32_castability 000000018001a020 f   sfc_mex:sfc_mex.obj
 0001:00019080       ml_check_mx_array_for_uint32_castability 000000018001a080 f   sfc_mex:sfc_mex.obj
 0001:000190e0       ml_check_mx_array_for_castability 000000018001a0e0 f   sfc_mex:sfc_mex.obj
 0001:00019a10       set_data_value             000000018001aa10 f   sfc_mex:sfc_mex.obj
 0001:00019d80       get_data_value             000000018001ad80 f   sfc_mex:sfc_mex.obj
 0001:00019e90       get_next_element_address   000000018001ae90 f   sfc_mex:sfc_mex.obj
 0001:00019f60       sf_normalize_index         000000018001af60 f   sfc_mex:sfc_mex.obj
 0001:0001a2f0       ml_array_index_bound_check 000000018001b2f0 f   sfc_mex:sfc_mex.obj
 0001:0001ae10       mx_value                   000000018001be10 f   sfc_mex:sfc_mex.obj
 0001:0001ae60       sf_create_numeric_array    000000018001be60 f   sfc_mex:sfc_mex.obj
 0001:0001af00       sf_mex_assign_to_mx_array  000000018001bf00 f   sfc_mex:sfc_mex.obj
 0001:0001b250       assign_from_mx_array       000000018001c250 f   sfc_mex:sfc_mex.obj
 0001:0001ba80       sf_mex_import_v            000000018001ca80 f   sfc_mex:sfc_mex.obj
 0001:0001c180       get_machine_and_chart_file_number 000000018001d180 f   sfc_mex:sfc_sf.obj
 0001:0001c270       get_sfun_block_specialization 000000018001d270 f   sfc_mex:sfc_sf.obj
 0001:0001c320       call_sf_machine_global_method_dispatcher 000000018001d320 f   sfc_mex:sfc_sf.obj
 0001:0001c570       mdl_zeroCrossings_processing 000000018001d570 f   sfc_mex:sfc_sf.obj
 0001:0001c640       mdl_derivatives_processing 000000018001d640 f   sfc_mex:sfc_sf.obj
 0001:0001c900       mdl_outputs_continuous_legacy 000000018001d900 f   sfc_mex:sfc_sf.obj
 0001:0001c980       mdl_outputs_processing     000000018001d980 f   sfc_mex:sfc_sf.obj
 0001:0001cbb0       mdl_enable_processing      000000018001dbb0 f   sfc_mex:sfc_sf.obj
 0001:0001cc80       mdl_disable_processing     000000018001dc80 f   sfc_mex:sfc_sf.obj
 0001:0001d9f0       sf_call_output_fcn_enable_disable 000000018001e9f0 f   sfc_mex:sfc_sf.obj
 0001:0001dc70       set_dwork_information_from_mx_array 000000018001ec70 f   sfc_mex:sfc_sf.obj
 0001:0001e530       ptr2mxStruct               000000018001f530 f   sfc_mex:sfc_sf.obj
 0001:0001e840       SNPRINTF_WRAPPER           000000018001f840 f   sfc_debug:sfcdebug.obj
 0001:0001e860       sf_debug_chart_instance_initialized_quick 000000018001f860 f   sfc_debug:sfcdebug.obj
 0001:0001e870       sf_debug_chart_instance_initialized 000000018001f870 f   sfc_debug:sfcdebug.obj
 0001:0001ea10       sfrtAddSize                000000018001fa10 f   sfc_debug:sfcdebug.obj
 0001:0001ead0       sfrtGenSizeString          000000018001fad0 f   sfc_debug:sfcdebug.obj
 0001:0001f1e0       fill_single_message_info   00000001800201e0 f   sfc_debug:sfcdebug.obj
 0001:0001f3a0       sf_debug_sim_status_listener 00000001800203a0 f   sfc_debug:sfcdebug.obj
 0001:0001f910       sf_debug_form_mask_bits    0000000180020910 f   sfc_debug:sfcdebug.obj
 0001:0001f950       sf_debug_form_sf_data_type_offsets 0000000180020950 f   sfc_debug:sfcdebug.obj
 0001:0001fa10       sf_debug_free_all          0000000180020a10 f   sfc_debug:sfcdebug.obj
 0001:0001fbc0       sf_debug_append_debugger_context 0000000180020bc0 f   sfc_debug:sfcdebug.obj
 0001:0001fe80       local_strdup               0000000180020e80 f   sfc_debug:sfcdebug.obj
 0001:00020d60       sf_debug_em_terminate      0000000180021d60 f   sfc_debug:sfcdebug.obj
 0001:00020da0       sf_debug_push_eml_function 0000000180021da0 f   sfc_debug:sfcdebug.obj
 0001:00020e40       sf_debug_pop_eml_function  0000000180021e40 f   sfc_debug:sfcdebug.obj
 0001:00021b40       sf_debug_get_machine_number_from_id_or_name 0000000180022b40 f   sfc_debug:sfcdebug.obj
 0001:00021c90       sf_debug_get_chart_number_from_id 0000000180022c90 f   sfc_debug:sfcdebug.obj
 0001:00022900       sf_debug_transfer_control_to_debugger_GUI 0000000180023900 f   sfc_debug:sfcdebug.obj
 0001:00023890       sf_debug_scripts_rehash    0000000180024890 f   sfc_debug:sfcdebug.obj
 0001:00023ad0       sf_debug_get_script_line_count 0000000180024ad0 f   sfc_debug:sfcdebug.obj
 0001:00024400       cv_eml_state_cvId          0000000180025400 f   sfc_debug:sfcdebug.obj
 0001:00024470       cv_eml_trans_cvId          0000000180025470 f   sfc_debug:sfcdebug.obj
 0001:00025730       sf_debug_data_array_bounds_error 0000000180026730 f   sfc_debug:sfcdebug.obj
 0001:00025b60       eml_debug_runtime_error_doclink 0000000180026b60 f   sfc_debug:sfcdebug.obj
 0001:00025ce0       sf_debug_runtime_error     0000000180026ce0 f   sfc_debug:sfcdebug.obj
 0001:00025d50       sf_debug_matlab_error      0000000180026d50 f   sfc_debug:sfcdebug.obj
 0001:00026680       sf_debug_data_value_error  0000000180027680 f   sfc_debug:sfcdebug.obj
 0001:00026f80       sf_debug_data_loss_error   0000000180027f80 f   sfc_debug:sfcdebug.obj
 0001:00027ea0       call_cv_range_check        0000000180028ea0 f   sfc_debug:sfcdebug.obj
 0001:00028670       sf_debug_invoke_cycle_detection_code 0000000180029670 f   sfc_debug:sfcdebug.obj
 0001:00029750       sf_reset_debug_info_struct 000000018002a750 f   sfc_debug:sfcdebug.obj
 0001:0002a040       cv_script_cvId             000000018002b040 f   sfc_debug:sfcdebug.obj
 0001:0002ad90       sfc_api_chart_visible      000000018002bd90 f   sfc_debug:sfc_api.obj
 0001:0002ae10       sfc_api_active_instance    000000018002be10 f   sfc_debug:sfc_api.obj
 0001:0002ae90       sfc_api_machine_load       000000018002be90 f   sfc_debug:sfc_api.obj
 0001:0002af60       sfc_api_debugger_alive     000000018002bf60 f   sfc_debug:sfc_api.obj
 0001:0002af70       sfc_api_go                 000000018002bf70 f   sfc_debug:sfc_api.obj
 0001:0002af80       sfc_api_step_over          000000018002bf80 f   sfc_debug:sfc_api.obj
 0001:0002af90       sfc_api_step_out           000000018002bf90 f   sfc_debug:sfc_api.obj
 0001:0002afa0       sfc_api_resume             000000018002bfa0 f   sfc_debug:sfc_api.obj
 0001:0002afb0       sfc_api_break              000000018002bfb0 f   sfc_debug:sfc_api.obj
 0001:0002afc0       sfc_api_stop_debugging     000000018002bfc0 f   sfc_debug:sfc_api.obj
 0001:0002b010       sfc_api_is_cycle_detected  000000018002c010 f   sfc_debug:sfc_api.obj
 0001:0002b060       sfc_api_is_array_bounds_detected 000000018002c060 f   sfc_debug:sfc_api.obj
 0001:0002b0b0       sfc_api_set_disable_all_breakpoints 000000018002c0b0 f   sfc_debug:sfc_api.obj
 0001:0002b120       sfc_api_disable_all_breakpoints_and_go 000000018002c120 f   sfc_debug:sfc_api.obj
 0001:0002b130       sfc_api_close              000000018002c130 f   sfc_debug:sfc_api.obj
 0001:0002b140       sfc_api_browse_data        000000018002c140 f   sfc_debug:sfc_api.obj
 0001:0002b1b0       sfc_api_watch_data         000000018002c1b0 f   sfc_debug:sfc_api.obj
 0001:0002b250       sfc_api_extract_message_post_receive_info 000000018002c250 f   sfc_debug:sfc_api.obj
 0001:0002b270       sfc_api_assign_data        000000018002c270 f   sfc_debug:sfc_api.obj
 0001:0002b310       sfc_api_whos               000000018002c310 f   sfc_debug:sfc_api.obj
 0001:0002b3a0       sfc_api_get_consistency_info 000000018002c3a0 f   sfc_debug:sfc_api.obj
 0001:0002b3b0       sfc_api_browse_trace       000000018002c3b0 f   sfc_debug:sfc_api.obj
 0001:0002b3c0       sfc_api_break_on_chart_entry 000000018002c3c0 f   sfc_debug:sfc_api.obj
 0001:0002b3e0       sfc_api_break_on_event_broadcast 000000018002c3e0 f   sfc_debug:sfc_api.obj
 0001:0002b400       sfc_api_break_on_state_entry 000000018002c400 f   sfc_debug:sfc_api.obj
 0001:0002b420       sfc_api_set_watch          000000018002c420 f   sfc_debug:sfc_api.obj
 0001:0002b4c0       sfc_api_set_breakpoints    000000018002c4c0 f   sfc_debug:sfc_api.obj
 0001:0002b560       sfc_api_set_eml_breakpoints 000000018002c560 f   sfc_debug:sfc_api.obj
 0001:0002b5e0       sfc_api_set_script_breakpoints 000000018002c5e0 f   sfc_debug:sfc_api.obj
 0001:0002b630       sfc_api_add_script_breakpoints 000000018002c630 f   sfc_debug:sfc_api.obj
 0001:0002b680       sfc_api_clear_script_breakpoints 000000018002c680 f   sfc_debug:sfc_api.obj
 0001:0002b6d0       sfc_api_query_script_breakpoints 000000018002c6d0 f   sfc_debug:sfc_api.obj
 0001:0002b730       sfc_api_get_script_id      000000018002c730 f   sfc_debug:sfc_api.obj
 0001:0002b7f0       sfc_api_get_active_states  000000018002c7f0 f   sfc_debug:sfc_api.obj
 0001:0002b870       sfc_api_break_between_times 000000018002c870 f   sfc_debug:sfc_api.obj
 0001:0002b8d0       sfc_api_get_instance_handle 000000018002c8d0 f   sfc_debug:sfc_api.obj
 0001:0002b980       sfc_api_set_animation      000000018002c980 f   sfc_debug:sfc_api.obj
 0001:0002b9d0       sfc_api_select_chart       000000018002c9d0 f   sfc_debug:sfc_api.obj
 0001:0002ba30       sfc_api_select_charts      000000018002ca30 f   sfc_debug:sfc_api.obj
 0001:0002ba60       sfc_api_cycle_detection_check 000000018002ca60 f   sfc_debug:sfc_api.obj
 0001:0002bab0       sfc_api_data_range_check   000000018002cab0 f   sfc_debug:sfc_api.obj
 0001:0002bb00       sfc_api_transition_conflict_check 000000018002cb00 f   sfc_debug:sfc_api.obj
 0001:0002bb50       sfc_api_state_consistency_check 000000018002cb50 f   sfc_debug:sfc_api.obj
 0001:0002bba0       sfc_api_set_instance_cv_ids 000000018002cba0 f   sfc_debug:sfc_api.obj
 0001:0002bcb0       sfc_api_set_script_cv_ids  000000018002ccb0 f   sfc_debug:sfc_api.obj
 0001:0002bd60       sfc_api_get_current_machine_id 000000018002cd60 f   sfc_debug:sfc_api.obj
 0001:0002bd90       sfc_api_get_current_machine_number 000000018002cd90 f   sfc_debug:sfc_api.obj
 0001:0002bdc0       sfc_api_get_current_chart_number 000000018002cdc0 f   sfc_debug:sfc_api.obj
 0001:0002bdf0       sfc_api_get_current_instance_number 000000018002cdf0 f   sfc_debug:sfc_api.obj
 0001:0002be20       sfc_api_get_current_instance_handle 000000018002ce20 f   sfc_debug:sfc_api.obj
 0001:0002be40       sfc_api_get_current_is_minor_time_step 000000018002ce40 f   sfc_debug:sfc_api.obj
 0001:0002be70       sfc_api_get_current_machine_name 000000018002ce70 f   sfc_debug:sfc_api.obj
 0001:0002be90       sfc_api_get_current_chart_id 000000018002ce90 f   sfc_debug:sfc_api.obj
 0001:0002bec0       sfc_api_get_current_object_type 000000018002cec0 f   sfc_debug:sfc_api.obj
 0001:0002bef0       sfc_api_get_current_event_type 000000018002cef0 f   sfc_debug:sfc_api.obj
 0001:0002bf20       sfc_api_get_current_object_id 000000018002cf20 f   sfc_debug:sfc_api.obj
 0001:0002bf50       sfc_get_current_active_event_type 000000018002cf50 f   sfc_debug:sfc_api.obj
 0001:0002bf80       sfc_api_get_current_active_event_id 000000018002cf80 f   sfc_debug:sfc_api.obj
 0001:0002bfb0       sfc_api_get_current_simulation_time 000000018002cfb0 f   sfc_debug:sfc_api.obj
 0001:0002bfd0       sfc_get_current_tag_type   000000018002cfd0 f   sfc_debug:sfc_api.obj
 0001:0002c000       sfc_get_current_coverage_percentage 000000018002d000 f   sfc_debug:sfc_api.obj
 0001:0002c020       sfc_get_current_statement_context 000000018002d020 f   sfc_debug:sfc_api.obj
 0001:0002c040       sfc_get_current_optional_integer 000000018002d040 f   sfc_debug:sfc_api.obj
 0001:0002c070       sfc_get_current_statement_info 000000018002d070 f   sfc_debug:sfc_api.obj
 0001:0002c110       sfc_api_get                000000018002d110 f   sfc_debug:sfc_api.obj
 0001:0002c270       sf_debug_sm_is_using_unified_editors 000000018002d270 f   sfc_debug:sfdb_animation.obj
 0001:0002c310       sf_debug_sm_is_chart_visible_in_unified_editors 000000018002d310 f   sfc_debug:sfdb_animation.obj
 0001:0002c3d0       sf_debug_sm_check_if_chart_is_visible 000000018002d3d0 f   sfc_debug:sfdb_animation.obj
 0001:0002ced0       sf_debug_sm_fill_state_activity_data 000000018002ded0 f   sfc_debug:sfdb_animation.obj
 0001:0002f700       void_ptr_stack_vector_free_total 0000000180030700 f   sfc_debug:sfdb_data_browse.obj
 0001:0002f790       sf_debug_st_terminate_machine 0000000180030790 f   sfc_debug:sfdb_data_browse.obj
 0001:0002f7d0       sf_debug_st_terminate_instance 00000001800307d0 f   sfc_debug:sfdb_data_browse.obj
 0001:0002fb80       push_on_to_void_ptr_stack  0000000180030b80 f   sfc_debug:sfdb_data_browse.obj
 0001:0002fd10       pop_from_void_ptr_stack    0000000180030d10 f   sfc_debug:sfdb_data_browse.obj
 0001:0002fe40       sf_debug_st_get_data_value 0000000180030e40 f   sfc_debug:sfdb_data_browse.obj
 0001:000303d0       mx_value                   00000001800313d0 f   sfc_debug:sfdb_data_browse.obj
 0001:00030410       sf_debug_st_fill_data_struct 0000000180031410 f   sfc_debug:sfdb_data_browse.obj
 0001:00030750       data_type_format_strings   0000000180031750 f   sfc_debug:sfdb_data_browse.obj
 0001:00030800       sf_debug_st_fill_data      0000000180031800 f   sfc_debug:sfdb_data_browse.obj
 0001:00031550       sf_debug_hm_get_simulink_handle 0000000180032550 f   sfc_debug:sfdb_handle_management.obj
 0001:000320a0       sf_debug_hm_initialize_globals 00000001800330a0 f   sfc_debug:sfdb_handle_management.obj
 0001:000321a0       sf_debug_hm_get_machine_debug_flag 00000001800331a0 f   sfc_debug:sfdb_handle_management.obj
 0001:00032310       sf_debug_hm_get_machine_id 0000000180033310 f   sfc_debug:sfdb_handle_management.obj
 0001:00032430       sf_debug_hm_get_chart_id   0000000180033430 f   sfc_debug:sfdb_handle_management.obj
 0001:000325d0       sf_debug_hm_register_executing_SFunction 00000001800335d0 f   sfc_debug:sfdb_handle_management.obj
 0001:00032770       sf_debug_hm_get_chart_active_instance 0000000180033770 f   sfc_debug:sfdb_handle_management.obj
 0001:000328e0       sf_debug_hm_get_chart_visibility 00000001800338e0 f   sfc_debug:sfdb_handle_management.obj
 0001:00032a30       sf_debug_hm_form_object_boolean_properties 0000000180033a30 f   sfc_debug:sfdb_handle_management.obj
 0001:00032d00       sf_debug_hm_form_object_properties 0000000180033d00 f   sfc_debug:sfdb_handle_management.obj
 0001:00032f40       sf_debug_hm_terminate_charts 0000000180033f40 f   sfc_debug:sfdb_handle_management.obj
 0001:000336b0       sf_debug_hm_terminate_machines 00000001800346b0 f   sfc_debug:sfdb_handle_management.obj
 0001:00035300       sf_debug_ss_copy_dimension 0000000180036300 f   sfc_debug:sfdb_symbol_scope.obj
 0001:000353c0       sf_debug_ss_get_number_elements 00000001800363c0 f   sfc_debug:sfdb_symbol_scope.obj
 0001:000353e0       sf_debug_ss_fill_data_struct 00000001800363e0 f   sfc_debug:sfdb_symbol_scope.obj
 0001:00035730       sf_debug_ss_reset_data_info 0000000180036730 f   sfc_debug:sfdb_symbol_scope.obj
 0001:00035790       sf_debug_fill_data_info_by_symbol_scope_entry 0000000180036790 f   sfc_debug:sfdb_symbol_scope.obj
 0001:00035850       sf_debug_fill_data_info_by_data_vector 0000000180036850 f   sfc_debug:sfdb_symbol_scope.obj
 0001:00035aa0       sf_debug_ss_get_data_info  0000000180036aa0 f   sfc_debug:sfdb_symbol_scope.obj
 0001:00035d90       sf_debug_select_mex_function 0000000180036d90 f   sfc_debug:sfdb_symbol_scope.obj
 0001:00035dc0       sf_debug_is_dyn_matrix_initialized 0000000180036dc0 f   sfc_debug:sfdb_symbol_scope.obj
 0001:00035de0       sf_debug_ss_set_data_value_try 0000000180036de0 f   sfc_debug:sfdb_symbol_scope.obj
 0001:00035fb0       sf_debug_ss_get_data_value 0000000180036fb0 f   sfc_debug:sfdb_symbol_scope.obj
 0001:00036500       sf_debug_ss_data_bytes_string 0000000180037500 f   sfc_debug:sfdb_symbol_scope.obj
 0001:000365b0       sf_debug_ss_data_class_string 00000001800375b0 f   sfc_debug:sfdb_symbol_scope.obj
 0001:00036940       sf_debug_ss_data_size_string 0000000180037940 f   sfc_debug:sfdb_symbol_scope.obj
 0001:00036a20       sf_debug_ss_data_create_data_info_struct 0000000180037a20 f   sfc_debug:sfdb_symbol_scope.obj
 0001:00036cf0       sf_debug_ss_data_create_name_value_pair 0000000180037cf0 f   sfc_debug:sfdb_symbol_scope.obj
 0001:00036d90       sf_debug_ss_data_get_whos_info 0000000180037d90 f   sfc_debug:sfdb_symbol_scope.obj
 0001:00036da0       same_named_data_in_data_array 0000000180037da0 f   sfc_debug:sfdb_symbol_scope.obj
 0001:00038610       sf_debug_cc_terminate_chart 0000000180039610 f   sfc_debug:sfdb_coverage.obj
 0001:000389b0       sf_debug_cc_terminate_instance 00000001800399b0 f   sfc_debug:sfdb_coverage.obj
 0001:000395a0       sf_debug_cc_mark_object_if_needed 000000018003a5a0 f   sfc_debug:sfdb_coverage.obj
 0001:00039ea0       sf_debug_bm_initialize_eml 000000018003aea0 f   sfc_debug:sfdb_breakpoints.obj
 0001:0003b010       sf_debug_bm_map_debug_tag_to_breakpoint_tag 000000018003c010 f   sfc_debug:sfdb_breakpoints.obj
 0001:0003b0f0       sf_debug_bm_is_a_eml_breakpoint_impl 000000018003c0f0 f   sfc_debug:sfdb_breakpoints.obj
 0001:0003cb70       sf_debug_sc_push_on_error_stack 000000018003db70 f   sfc_debug:sfdb_state_consistency.obj
 0001:0003cca0       sf_debug_sc_reset_error_stack 000000018003dca0 f   sfc_debug:sfdb_state_consistency.obj
 0001:0003ce30       sf_debug_sc_is_state_inconsistent 000000018003de30 f   sfc_debug:sfdb_state_consistency.obj
 0001:0003d130       sf_debug_sc_fill_consistency_info 000000018003e130 f   sfc_debug:sfdb_state_consistency.obj
 0001:0003d710       void_assertion_fcn         000000018003e710 f   sfc_debug:sfdb_call_stack.obj
 0001:0003dc90       sf_debug_tm_fill_local_trace 000000018003ec90 f   sfc_debug:sfdb_call_stack.obj
 0001:0003e260       sf_debug_cd_terminate_instance 000000018003f260 f   sfc_debug:sfdb_cycle_detection.obj
 0001:0003e2c0       sf_debug_cd_free_checksum_stack 000000018003f2c0 f   sfc_debug:sfdb_cycle_detection.obj
 0001:0003e310       sf_debug_cd_reset_pack_strings 000000018003f310 f   sfc_debug:sfdb_cycle_detection.obj
 0001:0003e9d0       md5file_clear              000000018003f9d0 f   sfc_debug:ckmd5.obj
 0001:0003ea00       Encode                     000000018003fa00 f   sfc_debug:ckmd5.obj
 0001:0003ea50       Decode                     000000018003fa50 f   sfc_debug:ckmd5.obj
 0001:0003eaf0       MD5Transform               000000018003faf0 f   sfc_debug:ckmd5.obj
 0001:0003f340       md5file_addn               0000000180040340 f   sfc_debug:ckmd5.obj
 0001:0003f410       md5file_hash               0000000180040410 f   sfc_debug:ckmd5.obj
 0001:0003f944       pre_c_init                 0000000180040944 f   MSVCRT:crtdll.obj
 0001:0003fc00       __DllMainCRTStartup        0000000180040c00 f   MSVCRT:crtdll.obj
 0001:000402a0       __DllMainCRTStartup$filt$0 00000001800412a0 f   MSVCRT:crtdll.obj
 0001:000402d0       __DllMainCRTStartup$fin$1  00000001800412d0 f   MSVCRT:crtdll.obj
 0001:000402ea       _onexit$fin$0              00000001800412ea f   MSVCRT:atonexit.obj
 0001:00040310       _IsNonwritableInCurrentImage$filt$0 0000000180041310 f   MSVCRT:pesect.obj
